ARM Linker, 5.03 [Build 76] [MDK-ARM Lite]

==============================================================================

Section Cross References

    startup.o(STACK) refers (Special) to heapauxi.o(.text) for __use_two_region_memory
    startup.o(HEAP) refers (Special) to heapauxi.o(.text) for __use_two_region_memory
    startup.o(RESET) refers (Special) to heapauxi.o(.text) for __use_two_region_memory
    startup.o(RESET) refers to startup.o(STACK) for StackMem
    startup.o(RESET) refers to osasm.o(CODE) for PendSV_Handler
    startup.o(RESET) refers to os.o(i.SysTick_Handler) for SysTick_Handler
    startup.o(RESET) refers to uart.o(i.UART0_Handler) for UART0_Handler
    startup.o(RESET) refers to adc.o(i.ADC0Seq3_Handler) for ADC0Seq3_Handler
    startup.o(RESET) refers to timer0.o(i.Timer0A_Handler) for Timer0A_Handler
    startup.o(RESET) refers to timer0.o(i.Timer0B_Handler) for Timer0B_Handler
    startup.o(RESET) refers to timer0.o(i.Timer2A_Handler) for Timer2A_Handler
    startup.o(RESET) refers to portf.o(i.GPIOPortF_Handler) for GPIOPortF_Handler
    startup.o(RESET) refers to timer0.o(i.Timer4A_Handler) for Timer4A_Handler
    startup.o(RESET) refers to __main.o(!!!main) for __main
    startup.o(.text) refers (Special) to heapauxi.o(.text) for __use_two_region_memory
    startup.o(.text) refers to startup.o(HEAP) for HeapMem
    startup.o(.text) refers to startup.o(STACK) for StackMem
    timer0.o(i.Timer0A_Handler) refers to os.o(i.Jitter_Calculate) for Jitter_Calculate
    timer0.o(i.Timer0A_Handler) refers to os.o(i.OS_Time) for OS_Time
    timer0.o(i.Timer0A_Handler) refers to os.o(.data) for curr_event
    timer0.o(i.Timer0A_Handler) refers to os.o(.bss) for myevents
    timer0.o(i.Timer0A_Handler) refers to timer0.o(.data) for Timer2Rollover
    timer0.o(i.Timer0B_Handler) refers to os.o(i.Jitter_Calculate) for Jitter_Calculate
    timer0.o(i.Timer0B_Handler) refers to os.o(i.OS_Time) for OS_Time
    timer0.o(i.Timer0B_Handler) refers to os.o(.data) for curr_event
    timer0.o(i.Timer0B_Handler) refers to os.o(.bss) for myevents
    timer0.o(i.Timer0B_Handler) refers to timer0.o(.data) for Timer2Rollover
    timer0.o(i.Timer0_Init) refers to startup.o(.text) for StartCritical
    timer0.o(i.Timer0_Init) refers to timer0.o(.data) for PeriodicTask1
    timer0.o(i.Timer2A_Handler) refers to timer0.o(.data) for Timer2Rollover
    timer0.o(i.Timer2_Init) refers to startup.o(.text) for StartCritical
    timer0.o(i.Timer2_Init) refers to timer0.o(.data) for Timer2Rollover
    timer0.o(i.Timer4A_Handler) refers to timer0.o(.data) for Timer4Rollover
    timer0.o(i.Timer4_Init) refers to startup.o(.text) for StartCritical
    timer0.o(i.Timer4_Init) refers to timer0.o(.data) for Timer4Rollover
    os.o(i.DeleteTask) refers to os.o(i.is_in_list) for is_in_list
    os.o(i.DeleteTask) refers to os.o(.bss) for unique_IDs
    os.o(i.Jitter) refers to uart.o(i.UART_OutString) for UART_OutString
    os.o(i.Jitter) refers to uart.o(i.UART_OutUDec) for UART_OutUDec
    os.o(i.Jitter) refers to uart.o(i.UART_OutChar) for UART_OutChar
    os.o(i.Jitter) refers to os.o(.data) for MaxJitterper
    os.o(i.Jitter_Calculate) refers to os.o(i.OS_Time) for OS_Time
    os.o(i.Jitter_Calculate) refers to os.o(i.OS_TimeDifference) for OS_TimeDifference
    os.o(i.Jitter_Calculate) refers to timer0.o(.data) for Timer2Rollover
    os.o(i.Jitter_Calculate) refers to os.o(.data) for Jitterloop
    os.o(i.Jitter_Calculate) refers to os.o(.bss) for JitterHistogram1
    os.o(i.OS_AddPeriodicThread) refers to timer0.o(i.Timer0_Init) for Timer0_Init
    os.o(i.OS_AddPeriodicThread) refers to os.o(.data) for PERIOD
    os.o(i.OS_AddSW1Task) refers to portf.o(i.SW1_Init) for SW1_Init
    os.o(i.OS_AddSW2Task) refers to portf.o(i.SW2_Init) for SW2_Init
    os.o(i.OS_AddThread) refers to startup.o(.text) for StartCritical
    os.o(i.OS_AddThread) refers to os.o(i.findID) for findID
    os.o(i.OS_AddThread) refers to os.o(i.initTCB) for initTCB
    os.o(i.OS_AddThread) refers to os.o(i.Insert_priorityTask) for Insert_priorityTask
    os.o(i.OS_AddThread) refers to os.o(i.OS_Suspend) for OS_Suspend
    os.o(i.OS_AddThread) refers to os.o(.bss) for TCBs
    os.o(i.OS_AddThread) refers to os.o(.data) for RunHead
    os.o(i.OS_AddThread_param) refers to startup.o(.text) for StartCritical
    os.o(i.OS_AddThread_param) refers to os.o(i.findID) for findID
    os.o(i.OS_AddThread_param) refers to os.o(i.initTCB) for initTCB
    os.o(i.OS_AddThread_param) refers to os.o(i.Insert_priorityTask) for Insert_priorityTask
    os.o(i.OS_AddThread_param) refers to os.o(i.OS_Suspend) for OS_Suspend
    os.o(i.OS_AddThread_param) refers to os.o(.bss) for TCBs
    os.o(i.OS_AddThread_param) refers to os.o(.data) for RunHead
    os.o(i.OS_Block_Signal) refers to startup.o(.text) for StartCritical
    os.o(i.OS_Block_Signal) refers to os.o(i.DeleteTask) for DeleteTask
[...]
    st7735.o(i.ST7735_DrawPixel) refers to st7735.o(i.pushColor) for pushColor
    st7735.o(i.ST7735_DrawPixel) refers to st7735.o(.data) for _width
    st7735.o(i.ST7735_DrawString) refers to st7735.o(i.ST7735_DrawCharS) for ST7735_DrawCharS
    st7735.o(i.ST7735_FillRect) refers to st7735.o(i.setAddrWindow) for setAddrWindow
    st7735.o(i.ST7735_FillRect) refers to st7735.o(i.writedata) for writedata
    st7735.o(i.ST7735_FillRect) refers to st7735.o(.data) for _width
    st7735.o(i.ST7735_FillScreen) refers to st7735.o(i.ST7735_FillRect) for ST7735_FillRect
    st7735.o(i.ST7735_FillScreen) refers to st7735.o(.data) for _height
    st7735.o(i.ST7735_InitB) refers to st7735.o(i.commonInit) for commonInit
    st7735.o(i.ST7735_InitB) refers to st7735.o(i.ST7735_SetCursor) for ST7735_SetCursor
    st7735.o(i.ST7735_InitB) refers to st7735.o(i.ST7735_FillScreen) for ST7735_FillScreen
    st7735.o(i.ST7735_InitB) refers to st7735.o(.constdata) for Bcmd
    st7735.o(i.ST7735_InitB) refers to st7735.o(.data) for StTextColor
    st7735.o(i.ST7735_InitR) refers to st7735.o(i.commonInit) for commonInit
    st7735.o(i.ST7735_InitR) refers to st7735.o(i.commandList) for commandList
    st7735.o(i.ST7735_InitR) refers to st7735.o(i.writecommand) for writecommand
    st7735.o(i.ST7735_InitR) refers to st7735.o(i.writedata) for writedata
    st7735.o(i.ST7735_InitR) refers to st7735.o(i.ST7735_SetCursor) for ST7735_SetCursor
    st7735.o(i.ST7735_InitR) refers to st7735.o(i.ST7735_FillScreen) for ST7735_FillScreen
    st7735.o(i.ST7735_InitR) refers to st7735.o(.constdata) for Rcmd1
    st7735.o(i.ST7735_InitR) refers to st7735.o(.data) for ColStart
    st7735.o(i.ST7735_InvertDisplay) refers to st7735.o(i.writecommand) for writecommand
    st7735.o(i.ST7735_Message) refers to os.o(i.OS_bWait) for OS_bWait
    st7735.o(i.ST7735_Message) refers to st7735.o(i.ST7735_DrawCharS) for ST7735_DrawCharS
    st7735.o(i.ST7735_Message) refers to os.o(i.OS_bSignal) for OS_bSignal
    st7735.o(i.ST7735_Message) refers to st7735.o(i.itoa) for itoa
    st7735.o(i.ST7735_Message) refers to st7735.o(.bss) for LCD_free
    st7735.o(i.ST7735_OutChar) refers to st7735.o(i.ST7735_DrawString) for ST7735_DrawString
    st7735.o(i.ST7735_OutChar) refers to st7735.o(i.ST7735_DrawCharS) for ST7735_DrawCharS
    st7735.o(i.ST7735_OutChar) refers to st7735.o(.data) for StY
    st7735.o(i.ST7735_OutString) refers to st7735.o(i.ST7735_OutChar) for ST7735_OutChar
    st7735.o(i.ST7735_OutUDec) refers to st7735.o(i.fillmessage) for fillmessage
    st7735.o(i.ST7735_OutUDec) refers to st7735.o(i.ST7735_DrawString) for ST7735_DrawString
    st7735.o(i.ST7735_OutUDec) refers to st7735.o(i.ST7735_DrawCharS) for ST7735_DrawCharS
    st7735.o(i.ST7735_OutUDec) refers to st7735.o(.data) for Messageindex
    st7735.o(i.ST7735_OutUDec) refers to st7735.o(.bss) for Message
    st7735.o(i.ST7735_PlotBar) refers to st7735.o(i.ST7735_DrawFastVLine) for ST7735_DrawFastVLine
    st7735.o(i.ST7735_PlotBar) refers to st7735.o(.data) for Ymin
    st7735.o(i.ST7735_PlotClear) refers to st7735.o(i.ST7735_Color565) for ST7735_Color565
    st7735.o(i.ST7735_PlotClear) refers to st7735.o(i.ST7735_FillRect) for ST7735_FillRect
    st7735.o(i.ST7735_PlotClear) refers to st7735.o(.data) for Ymax
    st7735.o(i.ST7735_PlotLine) refers to st7735.o(i.ST7735_DrawPixel) for ST7735_DrawPixel
    st7735.o(i.ST7735_PlotLine) refers to st7735.o(.data) for Ymin
    st7735.o(i.ST7735_PlotNext) refers to st7735.o(.data) for X
    st7735.o(i.ST7735_PlotNextErase) refers to st7735.o(i.ST7735_Color565) for ST7735_Color565
    st7735.o(i.ST7735_PlotNextErase) refers to st7735.o(i.ST7735_DrawFastVLine) for ST7735_DrawFastVLine
    st7735.o(i.ST7735_PlotNextErase) refers to st7735.o(.data) for X
    st7735.o(i.ST7735_PlotPoint) refers to st7735.o(i.ST7735_DrawPixel) for ST7735_DrawPixel
    st7735.o(i.ST7735_PlotPoint) refers to st7735.o(.data) for Ymin
    st7735.o(i.ST7735_PlotPoints) refers to st7735.o(i.ST7735_DrawPixel) for ST7735_DrawPixel
    st7735.o(i.ST7735_PlotPoints) refers to st7735.o(.data) for Ymin
    st7735.o(i.ST7735_PlotdBfs) refers to st7735.o(i.ST7735_DrawFastVLine) for ST7735_DrawFastVLine
    st7735.o(i.ST7735_PlotdBfs) refers to st7735.o(.constdata) for dBfs
    st7735.o(i.ST7735_PlotdBfs) refers to st7735.o(.data) for X
    st7735.o(i.ST7735_SetCursor) refers to st7735.o(.data) for StX
    st7735.o(i.ST7735_SetRotation) refers to st7735.o(i.writecommand) for writecommand
    st7735.o(i.ST7735_SetRotation) refers to st7735.o(i.writedata) for writedata
    st7735.o(i.ST7735_SetRotation) refers to st7735.o(.data) for Rotation
    st7735.o(i.ST7735_SetTextColor) refers to st7735.o(.data) for StTextColor
    st7735.o(i.commandList) refers to st7735.o(i.writecommand) for writecommand
    st7735.o(i.commandList) refers to st7735.o(i.writedata) for writedata
    st7735.o(i.commandList) refers to st7735.o(i.Delay1ms) for Delay1ms
    st7735.o(i.commonInit) refers to st7735.o(i.Delay1ms) for Delay1ms
    st7735.o(i.commonInit) refers to st7735.o(i.commandList) for commandList
    st7735.o(i.commonInit) refers to st7735.o(.data) for RowStart
    st7735.o(i.fillmessage) refers to st7735.o(.bss) for Message
    st7735.o(i.fillmessage) refers to st7735.o(.data) for Messageindex
    st7735.o(i.fputc) refers to st7735.o(i.ST7735_OutChar) for ST7735_OutChar
    st7735.o(i.itoa) refers to st7735.o(.bss) for buf
    st7735.o(i.pushColor) refers to st7735.o(i.writedata) for writedata
    st7735.o(i.setAddrWindow) refers to st7735.o(i.writecommand) for writecommand
    st7735.o(i.setAddrWindow) refers to st7735.o(i.writedata) for writedata
    st7735.o(i.setAddrWindow) refers to st7735.o(.data) for ColStart
    uart.o(i.RxFifo_Get) refers to uart.o(.data) for RxPutI
    uart.o(i.RxFifo_Get) refers to uart.o(.bss) for RxFifo
    uart.o(i.RxFifo_Init) refers to startup.o(.text) for StartCritical
    uart.o(i.RxFifo_Init) refers to uart.o(.data) for RxGetI
    uart.o(i.RxFifo_Put) refers to uart.o(.data) for RxPutI
    uart.o(i.RxFifo_Put) refers to uart.o(.bss) for RxFifo
    uart.o(i.RxFifo_Size) refers to uart.o(.data) for RxPutI
    uart.o(i.TxFifo_Get) refers to uart.o(.data) for TxPutI
    uart.o(i.TxFifo_Get) refers to uart.o(.bss) for TxFifo
    uart.o(i.TxFifo_Init) refers to startup.o(.text) for StartCritical
    uart.o(i.TxFifo_Init) refers to uart.o(.data) for TxGetI
    uart.o(i.TxFifo_Put) refers to uart.o(.data) for TxPutI
    uart.o(i.TxFifo_Put) refers to uart.o(.bss) for TxFifo
    uart.o(i.TxFifo_Size) refers to uart.o(.data) for TxPutI
    uart.o(i.UART0_Handler) refers to uart.o(i.copySoftwareToHardware) for copySoftwareToHardware
    uart.o(i.UART0_Handler) refers to uart.o(i.TxFifo_Size) for TxFifo_Size
    uart.o(i.UART0_Handler) refers to uart.o(i.copyHardwareToSoftware) for copyHardwareToSoftware
    uart.o(i.UART_InChar) refers to uart.o(i.RxFifo_Get) for RxFifo_Get
    uart.o(i.UART_InString) refers to uart.o(i.UART_InChar) for UART_InChar
    uart.o(i.UART_InString) refers to uart.o(i.UART_OutChar) for UART_OutChar
    uart.o(i.UART_InUDec) refers to uart.o(i.UART_InChar) for UART_InChar
    uart.o(i.UART_InUDec) refers to uart.o(i.UART_OutChar) for UART_OutChar
    uart.o(i.UART_InUHex) refers to uart.o(i.UART_InChar) for UART_InChar
    uart.o(i.UART_InUHex) refers to uart.o(i.UART_OutChar) for UART_OutChar
    uart.o(i.UART_Init) refers to uart.o(i.RxFifo_Init) for RxFifo_Init
    uart.o(i.UART_Init) refers to uart.o(i.TxFifo_Init) for TxFifo_Init
    uart.o(i.UART_OutChar) refers to uart.o(i.TxFifo_Put) for TxFifo_Put
    uart.o(i.UART_OutChar) refers to uart.o(i.copySoftwareToHardware) for copySoftwareToHardware
    uart.o(i.UART_OutString) refers to uart.o(i.UART_OutChar) for UART_OutChar
    uart.o(i.UART_OutUDec) refers to uart.o(i.UART_OutChar) for UART_OutChar
    uart.o(i.UART_OutUHex) refers to uart.o(i.UART_OutChar) for UART_OutChar
    uart.o(i.copyHardwareToSoftware) refers to uart.o(i.RxFifo_Put) for RxFifo_Put
    uart.o(i.copyHardwareToSoftware) refers to uart.o(i.RxFifo_Size) for RxFifo_Size
    uart.o(i.copySoftwareToHardware) refers to uart.o(i.TxFifo_Get) for TxFifo_Get
    uart.o(i.copySoftwareToHardware) refers to uart.o(i.TxFifo_Size) for TxFifo_Size
    osasm.o(CODE) refers to os.o(.data) for OldPt
    systickints.o(i.SysTick_Init) refers to startup.o(.text) for StartCritical
    adc.o(i.ADC0Seq3_Handler) refers to os.o(i.OS_AddThread_param) for OS_AddThread_param
    adc.o(i.ADC0Seq3_Handler) refers to adc.o(.data) for ADCval
    adc.o(i.ADC_Collect) refers to startup.o(.text) for StartCritical
    adc.o(i.ADC_Collect) refers to adc.o(.data) for ADCTask
    pid_stm32.o(.text) refers to lab2.o(.data) for IntTerm
    portf.o(i.GPIOPortF_Handler) refers to portf.o(.data) for SW1Task
    portf.o(i.SW1_Init) refers to portf.o(.data) for SW1Task
    portf.o(i.SW2_Init) refers to portf.o(.data) for SW2Task
    __main.o(!!!main) refers to rtentry.o(.ARM.Collect$$rtentry$$00000000) for __rt_entry
    ddiv.o(x$fpl$drdiv) refers (Special) to usenofp.o(x$fpl$usenofp) for __I$use$fp
    ddiv.o(x$fpl$drdiv) refers to ddiv.o(x$fpl$ddiv) for ddiv_entry
    ddiv.o(x$fpl$ddiv) refers (Special) to usenofp.o(x$fpl$usenofp) for __I$use$fp
    ddiv.o(x$fpl$ddiv) refers to dretinf.o(x$fpl$dretinf) for __fpl_dretinf
    ddiv.o(x$fpl$ddiv) refers to dnaninf.o(x$fpl$dnaninf) for __fpl_dnaninf
    dfixu.o(x$fpl$dfixu) refers (Special) to usenofp.o(x$fpl$usenofp) for __I$use$fp
    dfixu.o(x$fpl$dfixu) refers to dnaninf.o(x$fpl$dnaninf) for __fpl_dnaninf
    dfixu.o(x$fpl$dfixur) refers (Special) to usenofp.o(x$fpl$usenofp) for __I$use$fp
    dfixu.o(x$fpl$dfixur) refers to dnaninf.o(x$fpl$dnaninf) for __fpl_dnaninf
    dflt_clz.o(x$fpl$dfltu) refers (Special) to usenofp.o(x$fpl$usenofp) for __I$use$fp
    dflt_clz.o(x$fpl$dflt) refers (Special) to usenofp.o(x$fpl$usenofp) for __I$use$fp
    dflt_clz.o(x$fpl$dfltn) refers (Special) to usenofp.o(x$fpl$usenofp) for __I$use$fp
    dmul.o(x$fpl$dmul) refers (Special) to usenofp.o(x$fpl$usenofp) for __I$use$fp
    dmul.o(x$fpl$dmul) refers to dretinf.o(x$fpl$dretinf) for __fpl_dretinf
    dmul.o(x$fpl$dmul) refers to dnaninf.o(x$fpl$dnaninf) for __fpl_dnaninf
    rtentry.o(.ARM.Collect$$rtentry$$00000000) refers (Special) to rtentry2.o(.ARM.Collect$$rtentry$$0000000A) for __rt_entry_li
    rtentry.o(.ARM.Collect$$rtentry$$00000000) refers (Special) to rtentry2.o(.ARM.Collect$$rtentry$$0000000D) for __rt_entry_main
    rtentry.o(.ARM.Collect$$rtentry$$00000000) refers (Special) to rtentry2.o(.ARM.Collect$$rtentry$$0000000C) for __rt_entry_postli_1
    rtentry.o(.ARM.Collect$$rtentry$$00000000) refers (Special) to rtentry2.o(.ARM.Collect$$rtentry$$00000009) for __rt_entry_postsh_1
    rtentry.o(.ARM.Collect$$rtentry$$00000000) refers (Special) to rtentry2.o(.ARM.Collect$$rtentry$$00000002) for __rt_entry_presh_1
    rtentry.o(.ARM.Collect$$rtentry$$00000000) refers (Special) to rtentry4.o(.ARM.Collect$$rtentry$$00000004) for __rt_entry_sh
    dnaninf.o(x$fpl$dnaninf) refers (Special) to usenofp.o(x$fpl$usenofp) for __I$use$fp
    dretinf.o(x$fpl$dretinf) refers (Special) to usenofp.o(x$fpl$usenofp) for __I$use$fp
    rtentry2.o(.ARM.Collect$$rtentry$$00000008) refers to boardinit2.o(.text) for _platform_post_stackheap_init
    rtentry2.o(.ARM.Collect$$rtentry$$0000000A) refers to libinit.o(.ARM.Collect$$libinit$$00000000) for __rt_lib_init
    rtentry2.o(.ARM.Collect$$rtentry$$0000000B) refers to boardinit3.o(.text) for _platform_post_lib_init
    rtentry2.o(.ARM.Collect$$rtentry$$0000000D) refers to lab2.o(i.main) for main
    rtentry2.o(.ARM.Collect$$rtentry$$0000000D) refers to exit.o(.text) for exit
    rtentry2.o(.ARM.exidx) refers to rtentry2.o(.ARM.Collect$$rtentry$$00000001) for .ARM.Collect$$rtentry$$00000001
    rtentry2.o(.ARM.exidx) refers to rtentry2.o(.ARM.Collect$$rtentry$$00000008) for .ARM.Collect$$rtentry$$00000008
    rtentry2.o(.ARM.exidx) refers to rtentry2.o(.ARM.Collect$$rtentry$$0000000A) for .ARM.Collect$$rtentry$$0000000A
    rtentry2.o(.ARM.exidx) refers to rtentry2.o(.ARM.Collect$$rtentry$$0000000B) for .ARM.Collect$$rtentry$$0000000B
    rtentry2.o(.ARM.exidx) refers to rtentry2.o(.ARM.Collect$$rtentry$$0000000D) for .ARM.Collect$$rtentry$$0000000D
    rtentry4.o(.ARM.Collect$$rtentry$$00000004) refers to sys_stackheap_outer.o(.text) for __user_setup_stackheap
    rtentry4.o(.ARM.exidx) refers to rtentry4.o(.ARM.Collect$$rtentry$$00000004) for .ARM.Collect$$rtentry$$00000004
    sys_stackheap_outer.o(.text) refers to libspace.o(.text) for __user_perproc_libspace
    sys_stackheap_outer.o(.text) refers to startup.o(.text) for __user_initial_stackheap
    exit.o(.text) refers to rtexit.o(.ARM.Collect$$rtexit$$00000000) for __rt_exit
    libinit.o(.ARM.Collect$$libinit$$00000000) refers (Special) to libinit2.o(.ARM.Collect$$libinit$$0000002C) for __rt_lib_init_alloca_1
    libinit.o(.ARM.Collect$$libinit$$00000000) refers (Special) to libinit2.o(.ARM.Collect$$libinit$$0000002A) for __rt_lib_init_argv_1
    libinit.o(.ARM.Collect$$libinit$$00000000) refers (Special) to libinit2.o(.ARM.Collect$$libinit$$00000019) for __rt_lib_init_atexit_1
    libinit.o(.ARM.Collect$$libinit$$00000000) refers (Special) to libinit2.o(.ARM.Collect$$libinit$$0000001F) for __rt_lib_init_clock_1
    libinit.o(.ARM.Collect$$libinit$$00000000) refers (Special) to libinit2.o(.ARM.Collect$$libinit$$00000030) for __rt_lib_init_cpp_1
    libinit.o(.ARM.Collect$$libinit$$00000000) refers (Special) to libinit2.o(.ARM.Collect$$libinit$$0000002E) for __rt_lib_init_exceptions_1
    libinit.o(.ARM.Collect$$libinit$$00000000) refers (Special) to libinit2.o(.ARM.Collect$$libinit$$00000002) for __rt_lib_init_fp_1
    libinit.o(.ARM.Collect$$libinit$$00000000) refers (Special) to libinit2.o(.ARM.Collect$$libinit$$0000001D) for __rt_lib_init_fp_trap_1
    libinit.o(.ARM.Collect$$libinit$$00000000) refers (Special) to libinit2.o(.ARM.Collect$$libinit$$00000021) for __rt_lib_init_getenv_1
    libinit.o(.ARM.Collect$$libinit$$00000000) refers (Special) to libinit2.o(.ARM.Collect$$libinit$$00000008) for __rt_lib_init_heap_1
    libinit.o(.ARM.Collect$$libinit$$00000000) refers (Special) to libinit2.o(.ARM.Collect$$libinit$$0000000F) for __rt_lib_init_lc_collate_1
    libinit.o(.ARM.Collect$$libinit$$00000000) refers (Special) to libinit2.o(.ARM.Collect$$libinit$$00000011) for __rt_lib_init_lc_ctype_1
    libinit.o(.ARM.Collect$$libinit$$00000000) refers (Special) to libinit2.o(.ARM.Collect$$libinit$$00000013) for __rt_lib_init_lc_monetary_1
    libinit.o(.ARM.Collect$$libinit$$00000000) refers (Special) to libinit2.o(.ARM.Collect$$libinit$$00000015) for __rt_lib_init_lc_numeric_1
    libinit.o(.ARM.Collect$$libinit$$00000000) refers (Special) to libinit2.o(.ARM.Collect$$libinit$$00000017) for __rt_lib_init_lc_time_1
    libinit.o(.ARM.Collect$$libinit$$00000000) refers (Special) to libinit2.o(.ARM.Collect$$libinit$$0000000C) for __rt_lib_init_rand_1
    libinit.o(.ARM.Collect$$libinit$$00000000) refers (Special) to libinit2.o(.ARM.Collect$$libinit$$00000031) for __rt_lib_init_return
    libinit.o(.ARM.Collect$$libinit$$00000000) refers (Special) to libinit2.o(.ARM.Collect$$libinit$$0000001B) for __rt_lib_init_signal_1
    libinit.o(.ARM.Collect$$libinit$$00000000) refers (Special) to libinit2.o(.ARM.Collect$$libinit$$00000023) for __rt_lib_init_stdio_1
    libinit.o(.ARM.Collect$$libinit$$00000000) refers (Special) to libinit2.o(.ARM.Collect$$libinit$$0000000A) for __rt_lib_init_user_alloc_1
    libspace.o(.text) refers to libspace.o(.bss) for __libspace_start
    rtexit.o(.ARM.Collect$$rtexit$$00000000) refers (Special) to rtexit2.o(.ARM.Collect$$rtexit$$00000004) for __rt_exit_exit
    rtexit.o(.ARM.Collect$$rtexit$$00000000) refers (Special) to rtexit2.o(.ARM.Collect$$rtexit$$00000003) for __rt_exit_ls
    rtexit.o(.ARM.Collect$$rtexit$$00000000) refers (Special) to rtexit2.o(.ARM.Collect$$rtexit$$00000002) for __rt_exit_prels_1
    rtexit.o(.ARM.exidx) refers (Special) to rtexit2.o(.ARM.Collect$$rtexit$$00000004) for __rt_exit_exit
    rtexit.o(.ARM.exidx) refers (Special) to rtexit2.o(.ARM.Collect$$rtexit$$00000003) for __rt_exit_ls
    rtexit.o(.ARM.exidx) refers (Special) to rtexit2.o(.ARM.Collect$$rtexit$$00000002) for __rt_exit_prels_1
    rtexit.o(.ARM.exidx) refers to rtexit.o(.ARM.Collect$$rtexit$$00000000) for .ARM.Collect$$rtexit$$00000000
    libinit2.o(.ARM.Collect$$libinit$$0000000E) refers to libinit2.o(.ARM.Collect$$libinit$$0000000D) for .ARM.Collect$$libinit$$0000000D
    libinit2.o(.ARM.Collect$$libinit$$00000010) refers to libinit2.o(.ARM.Collect$$libinit$$0000000D) for .ARM.Collect$$libinit$$0000000D
    libinit2.o(.ARM.Collect$$libinit$$00000012) refers to libinit2.o(.ARM.Collect$$libinit$$0000000D) for .ARM.Collect$$libinit$$0000000D
    libinit2.o(.ARM.Collect$$libinit$$00000014) refers to libinit2.o(.ARM.Collect$$libinit$$0000000D) for .ARM.Collect$$libinit$$0000000D
    libinit2.o(.ARM.Collect$$libinit$$00000016) refers to libinit2.o(.ARM.Collect$$libinit$$0000000D) for .ARM.Collect$$libinit$$0000000D
    libinit2.o(.ARM.Collect$$libinit$$00000024) refers to argv_veneer.o(.emb_text) for __ARM_argv_veneer
    libinit2.o(.ARM.Collect$$libinit$$00000025) refers to argv_veneer.o(.emb_text) for __ARM_argv_veneer
    rtexit2.o(.ARM.Collect$$rtexit$$00000003) refers to libshutdown.o(.ARM.Collect$$libshutdown$$00000000) for __rt_lib_shutdown
    rtexit2.o(.ARM.Collect$$rtexit$$00000004) refers to sys_exit.o(.text) for _sys_exit
    rtexit2.o(.ARM.exidx) refers to rtexit2.o(.ARM.Collect$$rtexit$$00000001) for .ARM.Collect$$rtexit$$00000001
    rtexit2.o(.ARM.exidx) refers to rtexit2.o(.ARM.Collect$$rtexit$$00000003) for .ARM.Collect$$rtexit$$00000003
    rtexit2.o(.ARM.exidx) refers to rtexit2.o(.ARM.Collect$$rtexit$$00000004) for .ARM.Collect$$rtexit$$00000004
    argv_veneer.o(.emb_text) refers to no_argv.o(.text) for __ARM_get_argv
    sys_exit.o(.text) refers (Special) to use_no_semi.o(.text) for __I$use$semihosting
    sys_exit.o(.text) refers (Special) to indicate_semi.o(.text) for __semihosting_library_function
    _get_argv_nomalloc.o(.text) refers (Special) to hrguard.o(.text) for __heap_region$guard
    _get_argv_nomalloc.o(.text) refers to defsig_rtmem_outer.o(.text) for __rt_SIGRTMEM
    _get_argv_nomalloc.o(.text) refers to sys_command.o(.text) for _sys_command_string
    libshutdown.o(.ARM.Collect$$libshutdown$$00000000) refers (Special) to libshutdown2.o(.ARM.Collect$$libshutdown$$00000006) for __rt_lib_shutdown_fp_trap_1
    libshutdown.o(.ARM.Collect$$libshutdown$$00000000) refers (Special) to libshutdown2.o(.ARM.Collect$$libshutdown$$0000000E) for __rt_lib_shutdown_heap_1
    libshutdown.o(.ARM.Collect$$libshutdown$$00000000) refers (Special) to libshutdown2.o(.ARM.Collect$$libshutdown$$0000000F) for __rt_lib_shutdown_return
    libshutdown.o(.ARM.Collect$$libshutdown$$00000000) refers (Special) to libshutdown2.o(.ARM.Collect$$libshutdown$$00000009) for __rt_lib_shutdown_signal_1
    libshutdown.o(.ARM.Collect$$libshutdown$$00000000) refers (Special) to libshutdown2.o(.ARM.Collect$$libshutdown$$00000003) for __rt_lib_shutdown_stdio_1
    libshutdown.o(.ARM.Collect$$libshutdown$$00000000) refers (Special) to libshutdown2.o(.ARM.Collect$$libshutdown$$0000000B) for __rt_lib_shutdown_user_alloc_1
    sys_command.o(.text) refers (Special) to use_no_semi.o(.text) for __I$use$semihosting
    sys_command.o(.text) refers (Special) to indicate_semi.o(.text) for __semihosting_library_function
    defsig_rtmem_outer.o(.text) refers to defsig_rtmem_inner.o(.text) for __rt_SIGRTMEM_inner
    defsig_rtmem_outer.o(.text) refers to defsig_exit.o(.text) for __sig_exit
    defsig_rtmem_formal.o(.text) refers to rt_raise.o(.text) for __rt_raise
    rt_raise.o(.text) refers to __raise.o(.text) for __raise
    rt_raise.o(.text) refers to sys_exit.o(.text) for _sys_exit
    defsig_exit.o(.text) refers to sys_exit.o(.text) for _sys_exit
    defsig_rtmem_inner.o(.text) refers to defsig_general.o(.text) for __default_signal_display
    __raise.o(.text) refers to defsig.o(CL$$defsig) for __default_signal_handler
    defsig_general.o(.text) refers to sys_wrch.o(.text) for _ttywrch
    sys_wrch.o(.text) refers (Special) to use_no_semi.o(.text) for __I$use$semihosting
    sys_wrch.o(.text) refers (Special) to indicate_semi.o(.text) for __semihosting_library_function
    defsig.o(CL$$defsig) refers to defsig_rtmem_inner.o(.text) for __rt_SIGRTMEM_inner
    defsig_abrt_inner.o(.text) refers to defsig_general.o(.text) for __default_signal_display
    defsig_fpe_inner.o(.text) refers to defsig_general.o(.text) for __default_signal_display
    defsig_rtred_inner.o(.text) refers to defsig_general.o(.text) for __default_signal_display
    defsig_stak_inner.o(.text) refers to defsig_general.o(.text) for __default_signal_display
    defsig_pvfn_inner.o(.text) refers to defsig_general.o(.text) for __default_signal_display
    defsig_cppl_inner.o(.text) refers to defsig_general.o(.text) for __default_signal_display
    defsig_segv_inner.o(.text) refers to defsig_general.o(.text) for __default_signal_display
    defsig_other.o(.text) refers to defsig_general.o(.text) for __default_signal_display


==============================================================================

Removing Unused input sections from the image.

    Removing timer0.o(i.Timer0_Init), (268 bytes).
    Removing os.o(i.Delay1millisec), (32 bytes).
    Removing os.o(i.InsertTask), (24 bytes).
    Removing os.o(i.Jitter), (88 bytes).
    Removing os.o(i.OS_AddPeriodicThread), (48 bytes).
    Removing os.o(i.OS_AddSW1Task), (18 bytes).
    Removing os.o(i.OS_AddSW2Task), (18 bytes).
    Removing os.o(i.OS_Block_Signal), (88 bytes).
    Removing os.o(i.OS_Block_Sleep), (76 bytes).
    Removing os.o(i.OS_Block_Wait), (96 bytes).
    Removing os.o(i.OS_ClearMsTime), (20 bytes).
    Removing os.o(i.OS_Fifo_Get), (88 bytes).
    Removing os.o(i.OS_Fifo_Put), (92 bytes).
    Removing os.o(i.OS_Fifo_Size), (12 bytes).
    Removing os.o(i.OS_Id), (12 bytes).
    Removing os.o(i.OS_MailBox_Recv), (36 bytes).
    Removing os.o(i.OS_MailBox_Send), (36 bytes).
    Removing os.o(i.OS_MsTime), (80 bytes).
    Removing os.o(i.OS_Signal), (24 bytes).
    Removing os.o(i.OS_Sleep), (116 bytes).
    Removing os.o(i.OS_Wait), (36 bytes).
    Removing os.o(i.OS_bSignal), (6 bytes).
    Removing os.o(i.OS_bWait), (34 bytes).
    Removing os.o(.constdata), (8 bytes).
    Removing lab2.o(i.ButtonWork), (136 bytes).
    Removing lab2.o(i.Consumer), (136 bytes).
    Removing lab2.o(i.DAS), (88 bytes).
    Removing lab2.o(i.Display), (88 bytes).
    Removing lab2.o(i.Filter), (200 bytes).
    Removing lab2.o(i.Interpreter), (688 bytes).
    Removing lab2.o(i.OutCRLF), (16 bytes).
    Removing lab2.o(i.OutputThread), (220 bytes).
    Removing lab2.o(i.PID), (124 bytes).
    Removing lab2.o(i.Producer), (56 bytes).
    Removing lab2.o(i.PseudoWork), (32 bytes).
    Removing lab2.o(i.SW1Push), (76 bytes).
    Removing lab2.o(i.SW2Push), (48 bytes).
    Removing lab2.o(i.Signal1), (40 bytes).
    Removing lab2.o(i.Signal2), (40 bytes).
    Removing lab2.o(i.Signal3), (48 bytes).
    Removing lab2.o(i.TaskA), (44 bytes).
    Removing lab2.o(i.TaskB), (44 bytes).
    Removing lab2.o(i.Testmain7), (56 bytes).
    Removing lab2.o(i.Thread6), (40 bytes).
    Removing lab2.o(i.Thread7), (36 bytes).
    Removing lab2.o(i.Thread8), (20 bytes).
    Removing lab2.o(i.Wait1), (28 bytes).
    Removing lab2.o(i.Wait2), (28 bytes).
    Removing lab2.o(i.Wait3), (28 bytes).
    Removing lab2.o(i.add), (20 bytes).
    Removing lab2.o(i.main1), (136 bytes).
    Removing lab2.o(i.main3), (320 bytes).
    Removing lab2.o(.bss), (832 bytes).
    Removing lab2.o(.constdata), (4 bytes).
    Removing st7735.o(i.Delay1ms), (32 bytes).
    Removing st7735.o(i.Output_Clear), (10 bytes).
    Removing st7735.o(i.Output_Color), (12 bytes).
    Removing st7735.o(i.Output_Init), (28 bytes).
    Removing st7735.o(i.Output_Off), (8 bytes).
    Removing st7735.o(i.Output_On), (8 bytes).
    Removing st7735.o(i.ST7735_Color565), (24 bytes).
    Removing st7735.o(i.ST7735_DrawBitmap), (288 bytes).
    Removing st7735.o(i.ST7735_DrawChar), (268 bytes).
    Removing st7735.o(i.ST7735_DrawCharS), (244 bytes).
    Removing st7735.o(i.ST7735_DrawFastHLine), (124 bytes).
    Removing st7735.o(i.ST7735_DrawFastVLine), (124 bytes).
    Removing st7735.o(i.ST7735_DrawPixel), (76 bytes).
    Removing st7735.o(i.ST7735_DrawString), (84 bytes).
    Removing st7735.o(i.ST7735_FillRect), (172 bytes).
    Removing st7735.o(i.ST7735_FillScreen), (36 bytes).
    Removing st7735.o(i.ST7735_InitB), (40 bytes).
    Removing st7735.o(i.ST7735_InitR), (124 bytes).
    Removing st7735.o(i.ST7735_InvertDisplay), (22 bytes).
    Removing st7735.o(i.ST7735_Message), (200 bytes).
    Removing st7735.o(i.ST7735_OutChar), (212 bytes).
    Removing st7735.o(i.ST7735_OutString), (22 bytes).
    Removing st7735.o(i.ST7735_OutUDec), (140 bytes).
    Removing st7735.o(i.ST7735_PlotBar), (88 bytes).
    Removing st7735.o(i.ST7735_PlotClear), (92 bytes).
    Removing st7735.o(i.ST7735_PlotLine), (264 bytes).
    Removing st7735.o(i.ST7735_PlotNext), (32 bytes).
    Removing st7735.o(i.ST7735_PlotNextErase), (64 bytes).
    Removing st7735.o(i.ST7735_PlotPoint), (152 bytes).
    Removing st7735.o(i.ST7735_PlotPoints), (172 bytes).
    Removing st7735.o(i.ST7735_PlotdBfs), (60 bytes).
    Removing st7735.o(i.ST7735_SetCursor), (32 bytes).
    Removing st7735.o(i.ST7735_SetRotation), (212 bytes).
    Removing st7735.o(i.ST7735_SetTextColor), (12 bytes).
    Removing st7735.o(i.ST7735_SwapColor), (18 bytes).
    Removing st7735.o(i.commandList), (86 bytes).
    Removing st7735.o(i.commonInit), (388 bytes).
    Removing st7735.o(i.ferror), (8 bytes).
    Removing st7735.o(i.fgetc), (6 bytes).
    Removing st7735.o(i.fillmessage), (72 bytes).
    Removing st7735.o(i.fputc), (16 bytes).
    Removing st7735.o(i.itoa), (92 bytes).
    Removing st7735.o(i.pushColor), (18 bytes).
    Removing st7735.o(i.setAddrWindow), (116 bytes).
    Removing st7735.o(i.writecommand), (48 bytes).
    Removing st7735.o(i.writedata), (32 bytes).
    Removing st7735.o(.bss), (48 bytes).
    Removing st7735.o(.constdata), (2018 bytes).
    Removing st7735.o(.data), (44 bytes).
    Removing uart.o(i.RxFifo_Get), (60 bytes).
    Removing uart.o(i.TxFifo_Put), (60 bytes).
    Removing uart.o(i.UART_InChar), (20 bytes).
    Removing uart.o(i.UART_InString), (70 bytes).
    Removing uart.o(i.UART_InUDec), (76 bytes).
    Removing uart.o(i.UART_InUHex), (108 bytes).
    Removing uart.o(i.UART_OutChar), (52 bytes).
    Removing uart.o(i.UART_OutString), (24 bytes).
    Removing uart.o(i.UART_OutUDec), (42 bytes).
    Removing uart.o(i.UART_OutUHex), (52 bytes).
    Removing adc.o(i.ADC_Collect), (1112 bytes).
    Removing adc.o(i.ADC_In), (44 bytes).
    Removing adc.o(i.ADC_Init), (1004 bytes).
    Removing cr4_fft_64_stm32.o(.text), (718 bytes).
    Removing pid_stm32.o(.text), (72 bytes).
    Removing portf.o(i.SW1_Init), (208 bytes).
    Removing portf.o(i.SW2_Init), (228 bytes).

120 unused section(s) (total 15466 bytes) removed from the image.

==============================================================================

Image Symbol Table

    Local Symbols

    Symbol Name                              Value     Ov Type        Size  Object(Section)

    RESET                                    0x00000000   Section      652  startup.o(RESET)
    ../clib/angel/boardlib.s                 0x00000000   Number         0  boardshut.o ABSOLUTE
    ../clib/angel/boardlib.s                 0x00000000   Number         0  boardinit3.o ABSOLUTE
    ../clib/angel/boardlib.s                 0x00000000   Number         0  boardinit2.o ABSOLUTE
    ../clib/angel/boardlib.s                 0x00000000   Number         0  boardinit1.o ABSOLUTE
    ../clib/angel/handlers.s                 0x00000000   Number         0  __scatter_zi.o ABSOLUTE
    ../clib/angel/handlers.s                 0x00000000   Number         0  __scatter_copy.o ABSOLUTE
    ../clib/angel/kernel.s                   0x00000000   Number         0  rtexit2.o ABSOLUTE
    ../clib/angel/kernel.s                   0x00000000   Number         0  rtexit.o ABSOLUTE
    ../clib/angel/kernel.s                   0x00000000   Number         0  rtentry4.o ABSOLUTE
    ../clib/angel/kernel.s                   0x00000000   Number         0  rtentry2.o ABSOLUTE
    ../clib/angel/kernel.s                   0x00000000   Number         0  rtentry.o ABSOLUTE
    ../clib/angel/rt.s                       0x00000000   Number         0  rt_raise.o ABSOLUTE
    ../clib/angel/scatter.s                  0x00000000   Number         0  __scatter.o ABSOLUTE
    ../clib/angel/startup.s                  0x00000000   Number         0  __main.o ABSOLUTE
    ../clib/angel/sys.s                      0x00000000   Number         0  indicate_semi.o ABSOLUTE
    ../clib/angel/sys.s                      0x00000000   Number         0  use_no_semi.o ABSOLUTE
    ../clib/angel/sys.s                      0x00000000   Number         0  libspace.o ABSOLUTE
    ../clib/angel/sys.s                      0x00000000   Number         0  sys_stackheap_outer.o ABSOLUTE
    ../clib/angel/sysapp.c                   0x00000000   Number         0  sys_wrch.o ABSOLUTE
    ../clib/angel/sysapp.c                   0x00000000   Number         0  sys_command.o ABSOLUTE
    ../clib/angel/sysapp.c                   0x00000000   Number         0  sys_exit.o ABSOLUTE
    ../clib/armsys.c                         0x00000000   Number         0  _get_argv_nomalloc.o ABSOLUTE
    ../clib/armsys.c                         0x00000000   Number         0  no_argv.o ABSOLUTE
    ../clib/armsys.c                         0x00000000   Number         0  argv_veneer.o ABSOLUTE
    ../clib/armsys.c                         0x00000000   Number         0  argv_veneer.o ABSOLUTE
    ../clib/heapalloc.c                      0x00000000   Number         0  hrguard.o ABSOLUTE
    ../clib/heapaux.c                        0x00000000   Number         0  heapauxi.o ABSOLUTE
    ../clib/libinit.s                        0x00000000   Number         0  libshutdown2.o ABSOLUTE
    ../clib/libinit.s                        0x00000000   Number         0  libshutdown.o ABSOLUTE
    ../clib/libinit.s                        0x00000000   Number         0  libinit.o ABSOLUTE
    ../clib/libinit.s                        0x00000000   Number         0  libinit2.o ABSOLUTE
    ../clib/signal.c                         0x00000000   Number         0  defsig_exit.o ABSOLUTE
    ../clib/signal.c                         0x00000000   Number         0  defsig_rtmem_outer.o ABSOLUTE
    ../clib/signal.c                         0x00000000   Number         0  defsig_fpe_inner.o ABSOLUTE
    ../clib/signal.c                         0x00000000   Number         0  defsig_rtmem_formal.o ABSOLUTE
    ../clib/signal.c                         0x00000000   Number         0  defsig_general.o ABSOLUTE
    ../clib/signal.c                         0x00000000   Number         0  defsig_segv_inner.o ABSOLUTE
    ../clib/signal.c                         0x00000000   Number         0  defsig_cppl_inner.o ABSOLUTE
    ../clib/signal.c                         0x00000000   Number         0  defsig_pvfn_inner.o ABSOLUTE
    ../clib/signal.c                         0x00000000   Number         0  defsig_stak_inner.o ABSOLUTE
    ../clib/signal.c                         0x00000000   Number         0  defsig_rtred_inner.o ABSOLUTE
    ../clib/signal.c                         0x00000000   Number         0  defsig_abrt_inner.o ABSOLUTE
    ../clib/signal.c                         0x00000000   Number         0  defsig_other.o ABSOLUTE
    ../clib/signal.c                         0x00000000   Number         0  __raise.o ABSOLUTE
    ../clib/signal.c                         0x00000000   Number         0  defsig_rtmem_inner.o ABSOLUTE
    ../clib/signal.s                         0x00000000   Number         0  defsig.o ABSOLUTE
    ../clib/stdlib.c                         0x00000000   Number         0  exit.o ABSOLUTE
    ../fplib/ddiv.s                          0x00000000   Number         0  ddiv.o ABSOLUTE
    ../fplib/dfixu.s                         0x00000000   Number         0  dfixu.o ABSOLUTE
    ../fplib/dflt.s                          0x00000000   Number         0  dflt_clz.o ABSOLUTE
    ../fplib/dmul.s                          0x00000000   Number         0  dmul.o ABSOLUTE
    ../fplib/dnaninf.s                       0x00000000   Number         0  dnaninf.o ABSOLUTE
    ../fplib/dretinf.s                       0x00000000   Number         0  dretinf.o ABSOLUTE
    ../fplib/fpinit.s                        0x00000000   Number         0  fpinit.o ABSOLUTE
    ../fplib/usenofp.s                       0x00000000   Number         0  usenofp.o ABSOLUTE
    ADC.c                                    0x00000000   Number         0  adc.o ABSOLUTE
    Lab2.c                                   0x00000000   Number         0  lab2.o ABSOLUTE
    OS.c                                     0x00000000   Number         0  os.o ABSOLUTE
    OSasm.s                                  0x00000000   Number         0  osasm.o ABSOLUTE
    PID_stm32.s                              0x00000000   Number         0  pid_stm32.o ABSOLUTE
    PLL.c                                    0x00000000   Number         0  pll.o ABSOLUTE
    PortF.c                                  0x00000000   Number         0  portf.o ABSOLUTE
    ST7735.c                                 0x00000000   Number         0  st7735.o ABSOLUTE
    SysTickInts.c                            0x00000000   Number         0  systickints.o ABSOLUTE
    Timer0.c                                 0x00000000   Number         0  timer0.o ABSOLUTE
    UART.c                                   0x00000000   Number         0  uart.o ABSOLUTE
    cr4_fft_64_stm32.s                       0x00000000   Number         0  cr4_fft_64_stm32.o ABSOLUTE
    dc.s                                     0x00000000   Number         0  dc.o ABSOLUTE
    startup.s                                0x00000000   Number         0  startup.o ABSOLUTE
    !!!main                                  0x0000028c   Section        8  __main.o(!!!main)
    !!!scatter                               0x00000294   Section       52  __scatter.o(!!!scatter)
    !!handler_copy                           0x000002c8   Section       26  __scatter_copy.o(!!handler_copy)
    !!handler_zi                             0x000002e4   Section       28  __scatter_zi.o(!!handler_zi)
    .ARM.Collect$$libinit$$00000000          0x00000300   Section        2  libinit.o(.ARM.Collect$$libinit$$00000000)
    .ARM.Collect$$libinit$$00000002          0x00000302   Section        0  libinit2.o(.ARM.Collect$$libinit$$00000002)
    .ARM.Collect$$libinit$$00000008          0x00000302   Section        0  libinit2.o(.ARM.Collect$$libinit$$00000008)
    .ARM.Collect$$libinit$$0000000A          0x00000302   Section        0  libinit2.o(.ARM.Collect$$libinit$$0000000A)
    .ARM.Collect$$libinit$$0000000C          0x00000302   Section        0  libinit2.o(.ARM.Collect$$libinit$$0000000C)
    .ARM.Collect$$libinit$$0000000F          0x00000302   Section        0  libinit2.o(.ARM.Collect$$libinit$$0000000F)
    .ARM.Collect$$libinit$$00000011          0x00000302   Section        0  libinit2.o(.ARM.Collect$$libinit$$00000011)
    .ARM.Collect$$libinit$$00000013          0x00000302   Section        0  libinit2.o(.ARM.Collect$$libinit$$00000013)
    .ARM.Collect$$libinit$$00000015          0x00000302   Section        0  libinit2.o(.ARM.Collect$$libinit$$00000015)
    .ARM.Collect$$libinit$$00000017          0x00000302   Section        0  libinit2.o(.ARM.Collect$$libinit$$00000017)
    .ARM.Collect$$libinit$$00000019          0x00000302   Section        0  libinit2.o(.ARM.Collect$$libinit$$00000019)
    .ARM.Collect$$libinit$$0000001B          0x00000302   Section        0  libinit2.o(.ARM.Collect$$libinit$$0000001B)
    .ARM.Collect$$libinit$$0000001D          0x00000302   Section        0  libinit2.o(.ARM.Collect$$libinit$$0000001D)
    .ARM.Collect$$libinit$$0000001F          0x00000302   Section        0  libinit2.o(.ARM.Collect$$libinit$$0000001F)
    .ARM.Collect$$libinit$$00000021          0x00000302   Section        0  libinit2.o(.ARM.Collect$$libinit$$00000021)
    .ARM.Collect$$libinit$$00000023          0x00000302   Section        0  libinit2.o(.ARM.Collect$$libinit$$00000023)
    .ARM.Collect$$libinit$$0000002A          0x00000302   Section        0  libinit2.o(.ARM.Collect$$libinit$$0000002A)
    .ARM.Collect$$libinit$$0000002C          0x00000302   Section        0  libinit2.o(.ARM.Collect$$libinit$$0000002C)
    .ARM.Collect$$libinit$$0000002E          0x00000302   Section        0  libinit2.o(.ARM.Collect$$libinit$$0000002E)
    .ARM.Collect$$libinit$$00000030          0x00000302   Section        0  libinit2.o(.ARM.Collect$$libinit$$00000030)
    .ARM.Collect$$libinit$$00000031          0x00000302   Section        2  libinit2.o(.ARM.Collect$$libinit$$00000031)
    .ARM.Collect$$libshutdown$$00000000      0x00000304   Section        2  libshutdown.o(.ARM.Collect$$libshutdown$$00000000)
    .ARM.Collect$$libshutdown$$00000003      0x00000306   Section        0  libshutdown2.o(.ARM.Collect$$libshutdown$$00000003)
    .ARM.Collect$$libshutdown$$00000006      0x00000306   Section        0  libshutdown2.o(.ARM.Collect$$libshutdown$$00000006)
    .ARM.Collect$$libshutdown$$00000009      0x00000306   Section        0  libshutdown2.o(.ARM.Collect$$libshutdown$$00000009)
    .ARM.Collect$$libshutdown$$0000000B      0x00000306   Section        0  libshutdown2.o(.ARM.Collect$$libshutdown$$0000000B)
    .ARM.Collect$$libshutdown$$0000000E      0x00000306   Section        0  libshutdown2.o(.ARM.Collect$$libshutdown$$0000000E)
    .ARM.Collect$$libshutdown$$0000000F      0x00000306   Section        2  libshutdown2.o(.ARM.Collect$$libshutdown$$0000000F)
    .ARM.Collect$$rtentry$$00000000          0x00000308   Section        0  rtentry.o(.ARM.Collect$$rtentry$$00000000)
    .ARM.Collect$$rtentry$$00000002          0x00000308   Section        0  rtentry2.o(.ARM.Collect$$rtentry$$00000002)
    .ARM.Collect$$rtentry$$00000004          0x00000308   Section        6  rtentry4.o(.ARM.Collect$$rtentry$$00000004)
    .ARM.Collect$$rtentry$$00000009          0x0000030e   Section        0  rtentry2.o(.ARM.Collect$$rtentry$$00000009)
    .ARM.Collect$$rtentry$$0000000A          0x0000030e   Section        4  rtentry2.o(.ARM.Collect$$rtentry$$0000000A)
    .ARM.Collect$$rtentry$$0000000C          0x00000312   Section        0  rtentry2.o(.ARM.Collect$$rtentry$$0000000C)
    .ARM.Collect$$rtentry$$0000000D          0x00000312   Section        8  rtentry2.o(.ARM.Collect$$rtentry$$0000000D)
    .ARM.Collect$$rtexit$$00000000           0x0000031a   Section        2  rtexit.o(.ARM.Collect$$rtexit$$00000000)
    .ARM.Collect$$rtexit$$00000002           0x0000031c   Section        0  rtexit2.o(.ARM.Collect$$rtexit$$00000002)
    .ARM.Collect$$rtexit$$00000003           0x0000031c   Section        4  rtexit2.o(.ARM.Collect$$rtexit$$00000003)
    .ARM.Collect$$rtexit$$00000004           0x00000320   Section        6  rtexit2.o(.ARM.Collect$$rtexit$$00000004)
    .text                                    0x00000328   Section       48  startup.o(.text)
    .text                                    0x00000358   Section        0  heapauxi.o(.text)
    .text                                    0x0000035e   Section       74  sys_stackheap_outer.o(.text)
    .text                                    0x000003a8   Section        0  exit.o(.text)
    .text                                    0x000003b4   Section        8  libspace.o(.text)
    .text                                    0x000003bc   Section        0  sys_exit.o(.text)
    .text                                    0x000003c8   Section        2  use_no_semi.o(.text)
    .text                                    0x000003ca   Section        0  indicate_semi.o(.text)
    CODE                                     0x000003cc   Section      112  osasm.o(CODE)
    i.ADC0Seq3_Handler                       0x0000043c   Section        0  adc.o(i.ADC0Seq3_Handler)
    i.DeleteSema4                            0x00000474   Section        0  os.o(i.DeleteSema4)
    i.DeleteTask                             0x000004a0   Section        0  os.o(i.DeleteTask)
    i.Dummy                                  0x000004f8   Section        0  os.o(i.Dummy)
    i.GPIOPortF_Handler                      0x000004fc   Section        0  portf.o(i.GPIOPortF_Handler)
    i.InsertSema4                            0x0000053c   Section        0  os.o(i.InsertSema4)
    i.Insert_priorityTask                    0x0000055c   Section        0  os.o(i.Insert_priorityTask)
    i.Jitter_Calculate                       0x000005b0   Section        0  os.o(i.Jitter_Calculate)
    i.OS_AddThread                           0x00000718   Section        0  os.o(i.OS_AddThread)
    i.OS_AddThread_param                     0x000007a4   Section        0  os.o(i.OS_AddThread_param)
    i.OS_Block_bSignal                       0x0000083c   Section        0  os.o(i.OS_Block_bSignal)
    i.OS_Block_bWait                         0x0000090c   Section        0  os.o(i.OS_Block_bWait)
    i.OS_Fifo_Init                           0x000009e4   Section        0  os.o(i.OS_Fifo_Init)
    i.OS_Init                                0x00000a40   Section        0  os.o(i.OS_Init)
    i.OS_InitSemaphore                       0x00000ab4   Section        0  os.o(i.OS_InitSemaphore)
    i.OS_Kill                                0x00000abc   Section        0  os.o(i.OS_Kill)
    i.OS_Launch                              0x00000b30   Section        0  os.o(i.OS_Launch)
    i.OS_MailBox_Init                        0x00000b6c   Section        0  os.o(i.OS_MailBox_Init)
    i.OS_Suspend                             0x00000b88   Section        0  os.o(i.OS_Suspend)
    i.OS_Time                                0x00000bac   Section        0  os.o(i.OS_Time)
    i.OS_TimeDifference                      0x00000bb8   Section        0  os.o(i.OS_TimeDifference)
    i.PLL_Init                               0x00000bc0   Section        0  pll.o(i.PLL_Init)
    i.PortE_Init                             0x00000c3c   Section        0  lab2.o(i.PortE_Init)
    i.PortF_Init                             0x00000cb0   Section        0  lab2.o(i.PortF_Init)
    i.RxFifo_Init                            0x00000d24   Section        0  uart.o(i.RxFifo_Init)
    i.RxFifo_Put                             0x00000d48   Section        0  uart.o(i.RxFifo_Put)
    i.RxFifo_Size                            0x00000d84   Section        0  uart.o(i.RxFifo_Size)
    i.SysTick_Handler                        0x00000d9c   Section        0  os.o(i.SysTick_Handler)
    i.SysTick_Init                           0x00000f34   Section        0  systickints.o(i.SysTick_Init)
    i.Timer0A_Handler                        0x00000f74   Section        0  timer0.o(i.Timer0A_Handler)
    i.Timer0B_Handler                        0x00001024   Section        0  timer0.o(i.Timer0B_Handler)
    i.Timer2A_Handler                        0x000010d4   Section        0  timer0.o(i.Timer2A_Handler)
    i.Timer2_Init                            0x000010f0   Section        0  timer0.o(i.Timer2_Init)
    i.Timer4A_Handler                        0x00001180   Section        0  timer0.o(i.Timer4A_Handler)
    i.Timer4_Init                            0x0000119c   Section        0  timer0.o(i.Timer4_Init)
    i.TxFifo_Get                             0x00001228   Section        0  uart.o(i.TxFifo_Get)
    i.TxFifo_Init                            0x00001264   Section        0  uart.o(i.TxFifo_Init)
    i.TxFifo_Size                            0x00001288   Section        0  uart.o(i.TxFifo_Size)
    i.UART0_Handler                          0x000012a0   Section        0  uart.o(i.UART0_Handler)
    i.UART_Init                              0x000012f8   Section        0  uart.o(i.UART_Init)
    i.copyHardwareToSoftware                 0x000013bc   Section        0  uart.o(i.copyHardwareToSoftware)
    copyHardwareToSoftware                   0x000013bd   Thumb Code    36  uart.o(i.copyHardwareToSoftware)
    i.copySoftwareToHardware                 0x000013e4   Section        0  uart.o(i.copySoftwareToHardware)
    copySoftwareToHardware                   0x000013e5   Thumb Code    38  uart.o(i.copySoftwareToHardware)
    i.findID                                 0x00001410   Section        0  os.o(i.findID)
    i.initTCB                                0x00001434   Section        0  os.o(i.initTCB)
    i.is_in_list                             0x00001524   Section        0  os.o(i.is_in_list)
    i.main                                   0x00001548   Section        0  lab2.o(i.main)
    i.thread_p1                              0x000015e8   Section        0  lab2.o(i.thread_p1)
    i.thread_p2                              0x00001634   Section        0  lab2.o(i.thread_p2)
    i.thread_p3                              0x00001664   Section        0  lab2.o(i.thread_p3)
    i.thread_p4                              0x000016dc   Section        0  lab2.o(i.thread_p4)
    .data                                    0x20000000   Section       16  timer0.o(.data)
    .data                                    0x20000010   Section       96  os.o(.data)
    LastTime                                 0x20000034   Data           8  os.o(.data)
    .data                                    0x20000070   Section       96  lab2.o(.data)
    n                                        0x20000074   Data           4  lab2.o(.data)
    LastTime                                 0x20000078   Data           4  lab2.o(.data)
    result                                   0x2000007c   Data           4  lab2.o(.data)
    .data                                    0x200000d0   Section       16  uart.o(.data)
    .data                                    0x200000e0   Section        8  adc.o(.data)
    .data                                    0x200000e8   Section        8  portf.o(.data)
    .bss                                     0x200000f0   Section    30600  os.o(.bss)
    .bss                                     0x20007878   Section       32  uart.o(.bss)
    RxFifo                                   0x20007878   Data          16  uart.o(.bss)
    TxFifo                                   0x20007888   Data          16  uart.o(.bss)
    .bss                                     0x20007898   Section       96  libspace.o(.bss)
    HEAP                                     0x200078f8   Section        0  startup.o(HEAP)
    STACK                                    0x200078f8   Section     1024  startup.o(STACK)
    HeapMem                                  0x200078f8   Data           0  startup.o(HEAP)
    StackMem                                 0x200078f8   Data           0  startup.o(STACK)

    Global Symbols

    Symbol Name                              Value     Ov Type        Size  Object(Section)

    BuildAttributes$$THM_ISAv4$E$P$D$K$B$S$7EM$PE$A:L22UL41UL21$X:L11$S22US41US21$IEEE1$IW$USESV6$~STKCKD$USESV7$~SHL$OSPACE$ROPI$EBA8$UX$STANDARDLIB$REQ8$PRES8$EABIv2 0x00000000   Number         0  anon$$obj.o ABSOLUTE
    __ARM_use_no_argv                        0x00000000   Number         0  lab2.o ABSOLUTE
    __Vectors                                0x00000000   Data           0  startup.o(RESET)
    __ARM_exceptions_init                     - Undefined Weak Reference
    __alloca_initialize                       - Undefined Weak Reference
    __cpp_initialize__aeabi_                  - Undefined Weak Reference
    __cxa_finalize                            - Undefined Weak Reference
    __rt_locale                               - Undefined Weak Reference
    __sigvec_lookup                           - Undefined Weak Reference
    _atexit_init                              - Undefined Weak Reference
    _call_atexit_fns                          - Undefined Weak Reference
    _clock_init                               - Undefined Weak Reference
    _fp_trap_init                             - Undefined Weak Reference
    _fp_trap_shutdown                         - Undefined Weak Reference
    _get_lc_collate                           - Undefined Weak Reference
    _get_lc_ctype                             - Undefined Weak Reference
    _get_lc_monetary                          - Undefined Weak Reference
    _get_lc_numeric                           - Undefined Weak Reference
    _get_lc_time                              - Undefined Weak Reference
    _getenv_init                              - Undefined Weak Reference
    _handle_redirection                       - Undefined Weak Reference
    _init_alloc                               - Undefined Weak Reference
    _init_user_alloc                          - Undefined Weak Reference
    _initio                                   - Undefined Weak Reference
    _rand_init                                - Undefined Weak Reference
    _signal_finish                            - Undefined Weak Reference
    _signal_init                              - Undefined Weak Reference
    _terminate_alloc                          - Undefined Weak Reference
    _terminate_user_alloc                     - Undefined Weak Reference
    _terminateio                              - Undefined Weak Reference
    Reset_Handler                            0x0000026d   Thumb Code     0  startup.o(RESET)
    NMI_Handler                              0x00000271   Thumb Code     2  startup.o(RESET)
    HardFault_Handler                        0x00000273   Thumb Code    10  startup.o(RESET)
    MemManage_Handler                        0x0000027d   Thumb Code     2  startup.o(RESET)
    BusFault_Handler                         0x0000027f   Thumb Code     2  startup.o(RESET)
    UsageFault_Handler                       0x00000281   Thumb Code     2  startup.o(RESET)
    SVC_Handler                              0x00000283   Thumb Code     2  startup.o(RESET)
    DebugMon_Handler                         0x00000285   Thumb Code     2  startup.o(RESET)
    ADC0Seq0_Handler                         0x00000287   Thumb Code     0  startup.o(RESET)
    ADC0Seq1_Handler                         0x00000287   Thumb Code     0  startup.o(RESET)
    ADC0Seq2_Handler                         0x00000287   Thumb Code     0  startup.o(RESET)
    ADC1Seq0_Handler                         0x00000287   Thumb Code     0  startup.o(RESET)
    ADC1Seq1_Handler                         0x00000287   Thumb Code     0  startup.o(RESET)
    ADC1Seq2_Handler                         0x00000287   Thumb Code     0  startup.o(RESET)
    ADC1Seq3_Handler                         0x00000287   Thumb Code     0  startup.o(RESET)
    CAN0_Handler                             0x00000287   Thumb Code     0  startup.o(RESET)
    CAN1_Handler                             0x00000287   Thumb Code     0  startup.o(RESET)
    CAN2_Handler                             0x00000287   Thumb Code     0  startup.o(RESET)
    Comp0_Handler                            0x00000287   Thumb Code     0  startup.o(RESET)
    Comp1_Handler                            0x00000287   Thumb Code     0  startup.o(RESET)
    Comp2_Handler                            0x00000287   Thumb Code     0  startup.o(RESET)
    Ethernet_Handler                         0x00000287   Thumb Code     0  startup.o(RESET)
    ExtBus_Handler                           0x00000287   Thumb Code     0  startup.o(RESET)
    FPU_Handler                              0x00000287   Thumb Code     0  startup.o(RESET)
    Fan0_Handler                             0x00000287   Thumb Code     0  startup.o(RESET)
    FlashCtl_Handler                         0x00000287   Thumb Code     0  startup.o(RESET)
    GPIOPortA_Handler                        0x00000287   Thumb Code     0  startup.o(RESET)
    GPIOPortB_Handler                        0x00000287   Thumb Code     0  startup.o(RESET)
    GPIOPortC_Handler                        0x00000287   Thumb Code     0  startup.o(RESET)
    GPIOPortD_Handler                        0x00000287   Thumb Code     0  startup.o(RESET)
    GPIOPortE_Handler                        0x00000287   Thumb Code     0  startup.o(RESET)
    GPIOPortG_Handler                        0x00000287   Thumb Code     0  startup.o(RESET)
    GPIOPortH_Handler                        0x00000287   Thumb Code     0  startup.o(RESET)
    GPIOPortJ_Handler                        0x00000287   Thumb Code     0  startup.o(RESET)
    GPIOPortK_Handler                        0x00000287   Thumb Code     0  startup.o(RESET)
    GPIOPortL_Handler                        0x00000287   Thumb Code     0  startup.o(RESET)
    GPIOPortM_Handler                        0x00000287   Thumb Code     0  startup.o(RESET)
    GPIOPortN_Handler                        0x00000287   Thumb Code     0  startup.o(RESET)
    GPIOPortP1_Handler                       0x00000287   Thumb Code     0  startup.o(RESET)
    GPIOPortP2_Handler                       0x00000287   Thumb Code     0  startup.o(RESET)
    GPIOPortP3_Handler                       0x00000287   Thumb Code     0  startup.o(RESET)
    GPIOPortP4_Handler                       0x00000287   Thumb Code     0  startup.o(RESET)
    GPIOPortP5_Handler                       0x00000287   Thumb Code     0  startup.o(RESET)
    GPIOPortP6_Handler                       0x00000287   Thumb Code     0  startup.o(RESET)
    GPIOPortP7_Handler                       0x00000287   Thumb Code     0  startup.o(RESET)
    GPIOPortP_Handler                        0x00000287   Thumb Code     0  startup.o(RESET)
    GPIOPortQ1_Handler                       0x00000287   Thumb Code     0  startup.o(RESET)
    GPIOPortQ2_Handler                       0x00000287   Thumb Code     0  startup.o(RESET)
    GPIOPortQ3_Handler                       0x00000287   Thumb Code     0  startup.o(RESET)
    GPIOPortQ4_Handler                       0x00000287   Thumb Code     0  startup.o(RESET)
    GPIOPortQ5_Handler                       0x00000287   Thumb Code     0  startup.o(RESET)
    GPIOPortQ6_Handler                       0x00000287   Thumb Code     0  startup.o(RESET)
    GPIOPortQ7_Handler                       0x00000287   Thumb Code     0  startup.o(RESET)
    GPIOPortQ_Handler                        0x00000287   Thumb Code     0  startup.o(RESET)
    GPIOPortR_Handler                        0x00000287   Thumb Code     0  startup.o(RESET)
    GPIOPortS_Handler                        0x00000287   Thumb Code     0  startup.o(RESET)
    Hibernate_Handler                        0x00000287   Thumb Code     0  startup.o(RESET)
    I2C0_Handler                             0x00000287   Thumb Code     0  startup.o(RESET)
    I2C1_Handler                             0x00000287   Thumb Code     0  startup.o(RESET)
    I2C2_Handler                             0x00000287   Thumb Code     0  startup.o(RESET)
    I2C3_Handler                             0x00000287   Thumb Code     0  startup.o(RESET)
    I2C4_Handler                             0x00000287   Thumb Code     0  startup.o(RESET)
    I2C5_Handler                             0x00000287   Thumb Code     0  startup.o(RESET)
    I2S0_Handler                             0x00000287   Thumb Code     0  startup.o(RESET)
    LPC0_Handler                             0x00000287   Thumb Code     0  startup.o(RESET)
    PECI0_Handler                            0x00000287   Thumb Code     0  startup.o(RESET)
    PWM0Fault_Handler                        0x00000287   Thumb Code     0  startup.o(RESET)
    PWM0Generator0_Handler                   0x00000287   Thumb Code     0  startup.o(RESET)
    PWM0Generator1_Handler                   0x00000287   Thumb Code     0  startup.o(RESET)
    PWM0Generator2_Handler                   0x00000287   Thumb Code     0  startup.o(RESET)
    PWM0Generator3_Handler                   0x00000287   Thumb Code     0  startup.o(RESET)
    PWM1Fault_Handler                        0x00000287   Thumb Code     0  startup.o(RESET)
    PWM1Generator0_Handler                   0x00000287   Thumb Code     0  startup.o(RESET)
    PWM1Generator1_Handler                   0x00000287   Thumb Code     0  startup.o(RESET)
    PWM1Generator2_Handler                   0x00000287   Thumb Code     0  startup.o(RESET)
    PWM1Generator3_Handler                   0x00000287   Thumb Code     0  startup.o(RESET)
    Quadrature0_Handler                      0x00000287   Thumb Code     0  startup.o(RESET)
    Quadrature1_Handler                      0x00000287   Thumb Code     0  startup.o(RESET)
    Quadrature2_Handler                      0x00000287   Thumb Code     0  startup.o(RESET)
    SSI0_Handler                             0x00000287   Thumb Code     0  startup.o(RESET)
    SSI1_Handler                             0x00000287   Thumb Code     0  startup.o(RESET)
    SSI2_Handler                             0x00000287   Thumb Code     0  startup.o(RESET)
    SSI3_Handler                             0x00000287   Thumb Code     0  startup.o(RESET)
    SysCtl_Handler                           0x00000287   Thumb Code     0  startup.o(RESET)
    Timer1A_Handler                          0x00000287   Thumb Code     0  startup.o(RESET)
    Timer1B_Handler                          0x00000287   Thumb Code     0  startup.o(RESET)
    Timer2B_Handler                          0x00000287   Thumb Code     0  startup.o(RESET)
    Timer3A_Handler                          0x00000287   Thumb Code     0  startup.o(RESET)
    Timer3B_Handler                          0x00000287   Thumb Code     0  startup.o(RESET)
    Timer4B_Handler                          0x00000287   Thumb Code     0  startup.o(RESET)
    Timer5A_Handler                          0x00000287   Thumb Code     0  startup.o(RESET)
    Timer5B_Handler                          0x00000287   Thumb Code     0  startup.o(RESET)
    UART1_Handler                            0x00000287   Thumb Code     0  startup.o(RESET)
    UART2_Handler                            0x00000287   Thumb Code     0  startup.o(RESET)
    UART3_Handler                            0x00000287   Thumb Code     0  startup.o(RESET)
    UART4_Handler                            0x00000287   Thumb Code     0  startup.o(RESET)
    UART5_Handler                            0x00000287   Thumb Code     0  startup.o(RESET)
    UART6_Handler                            0x00000287   Thumb Code     0  startup.o(RESET)
    UART7_Handler                            0x00000287   Thumb Code     0  startup.o(RESET)
    USB0_Handler                             0x00000287   Thumb Code     0  startup.o(RESET)
    WDT_Handler                              0x00000287   Thumb Code     0  startup.o(RESET)
    WideTimer0A_Handler                      0x00000287   Thumb Code     0  startup.o(RESET)
    WideTimer0B_Handler                      0x00000287   Thumb Code     0  startup.o(RESET)
    WideTimer1A_Handler                      0x00000287   Thumb Code     0  startup.o(RESET)
    WideTimer1B_Handler                      0x00000287   Thumb Code     0  startup.o(RESET)
    WideTimer2A_Handler                      0x00000287   Thumb Code     0  startup.o(RESET)
    WideTimer2B_Handler                      0x00000287   Thumb Code     0  startup.o(RESET)
    WideTimer3A_Handler                      0x00000287   Thumb Code     0  startup.o(RESET)
    WideTimer3B_Handler                      0x00000287   Thumb Code     0  startup.o(RESET)
    WideTimer4A_Handler                      0x00000287   Thumb Code     0  startup.o(RESET)
    WideTimer4B_Handler                      0x00000287   Thumb Code     0  startup.o(RESET)
    WideTimer5A_Handler                      0x00000287   Thumb Code     0  startup.o(RESET)
    WideTimer5B_Handler                      0x00000287   Thumb Code     0  startup.o(RESET)
    uDMA_Error                               0x00000287   Thumb Code     0  startup.o(RESET)
    uDMA_Handler                             0x00000287   Thumb Code     0  startup.o(RESET)
    __main                                   0x0000028d   Thumb Code     8  __main.o(!!!main)
    __scatterload                            0x00000295   Thumb Code     0  __scatter.o(!!!scatter)
    __scatterload_rt2                        0x00000295   Thumb Code    44  __scatter.o(!!!scatter)
    __scatterload_rt2_thumb_only             0x00000295   Thumb Code     0  __scatter.o(!!!scatter)
    __scatterload_null                       0x000002a3   Thumb Code     0  __scatter.o(!!!scatter)
    __scatterload_copy                       0x000002c9   Thumb Code    26  __scatter_copy.o(!!handler_copy)
    __scatterload_zeroinit                   0x000002e5   Thumb Code    28  __scatter_zi.o(!!handler_zi)
    __rt_lib_init                            0x00000301   Thumb Code     0  libinit.o(.ARM.Collect$$libinit$$00000000)
    __rt_lib_init_alloca_1                   0x00000303   Thumb Code     0  libinit2.o(.ARM.Collect$$libinit$$0000002C)
    __rt_lib_init_argv_1                     0x00000303   Thumb Code     0  libinit2.o(.ARM.Collect$$libinit$$0000002A)
    __rt_lib_init_atexit_1                   0x00000303   Thumb Code     0  libinit2.o(.ARM.Collect$$libinit$$00000019)
    __rt_lib_init_clock_1                    0x00000303   Thumb Code     0  libinit2.o(.ARM.Collect$$libinit$$0000001F)
    __rt_lib_init_cpp_1                      0x00000303   Thumb Code     0  libinit2.o(.ARM.Collect$$libinit$$00000030)
    __rt_lib_init_exceptions_1               0x00000303   Thumb Code     0  libinit2.o(.ARM.Collect$$libinit$$0000002E)
    __rt_lib_init_fp_1                       0x00000303   Thumb Code     0  libinit2.o(.ARM.Collect$$libinit$$00000002)
    __rt_lib_init_fp_trap_1                  0x00000303   Thumb Code     0  libinit2.o(.ARM.Collect$$libinit$$0000001D)
    __rt_lib_init_getenv_1                   0x00000303   Thumb Code     0  libinit2.o(.ARM.Collect$$libinit$$00000021)
    __rt_lib_init_heap_1                     0x00000303   Thumb Code     0  libinit2.o(.ARM.Collect$$libinit$$00000008)
    __rt_lib_init_lc_collate_1               0x00000303   Thumb Code     0  libinit2.o(.ARM.Collect$$libinit$$0000000F)
    __rt_lib_init_lc_ctype_1                 0x00000303   Thumb Code     0  libinit2.o(.ARM.Collect$$libinit$$00000011)
    __rt_lib_init_lc_monetary_1              0x00000303   Thumb Code     0  libinit2.o(.ARM.Collect$$libinit$$00000013)
    __rt_lib_init_lc_numeric_1               0x00000303   Thumb Code     0  libinit2.o(.ARM.Collect$$libinit$$00000015)
    __rt_lib_init_lc_time_1                  0x00000303   Thumb Code     0  libinit2.o(.ARM.Collect$$libinit$$00000017)
    __rt_lib_init_rand_1                     0x00000303   Thumb Code     0  libinit2.o(.ARM.Collect$$libinit$$0000000C)
    __rt_lib_init_return                     0x00000303   Thumb Code     0  libinit2.o(.ARM.Collect$$libinit$$00000031)
    __rt_lib_init_signal_1                   0x00000303   Thumb Code     0  libinit2.o(.ARM.Collect$$libinit$$0000001B)
    __rt_lib_init_stdio_1                    0x00000303   Thumb Code     0  libinit2.o(.ARM.Collect$$libinit$$00000023)
    __rt_lib_init_user_alloc_1               0x00000303   Thumb Code     0  libinit2.o(.ARM.Collect$$libinit$$0000000A)
    __rt_lib_shutdown                        0x00000305   Thumb Code     0  libshutdown.o(.ARM.Collect$$libshutdown$$00000000)
    __rt_lib_shutdown_fp_trap_1              0x00000307   Thumb Code     0  libshutdown2.o(.ARM.Collect$$libshutdown$$00000006)
    __rt_lib_shutdown_heap_1                 0x00000307   Thumb Code     0  libshutdown2.o(.ARM.Collect$$libshutdown$$0000000E)
    __rt_lib_shutdown_return                 0x00000307   Thumb Code     0  libshutdown2.o(.ARM.Collect$$libshutdown$$0000000F)
    __rt_lib_shutdown_signal_1               0x00000307   Thumb Code     0  libshutdown2.o(.ARM.Collect$$libshutdown$$00000009)
    __rt_lib_shutdown_stdio_1                0x00000307   Thumb Code     0  libshutdown2.o(.ARM.Collect$$libshutdown$$00000003)
    __rt_lib_shutdown_user_alloc_1           0x00000307   Thumb Code     0  libshutdown2.o(.ARM.Collect$$libshutdown$$0000000B)
    __rt_entry                               0x00000309   Thumb Code     0  rtentry.o(.ARM.Collect$$rtentry$$00000000)
    __rt_entry_presh_1                       0x00000309   Thumb Code     0  rtentry2.o(.ARM.Collect$$rtentry$$00000002)
    __rt_entry_sh                            0x00000309   Thumb Code     0  rtentry4.o(.ARM.Collect$$rtentry$$00000004)
    __rt_entry_li                            0x0000030f   Thumb Code     0  rtentry2.o(.ARM.Collect$$rtentry$$0000000A)
    __rt_entry_postsh_1                      0x0000030f   Thumb Code     0  rtentry2.o(.ARM.Collect$$rtentry$$00000009)
    __rt_entry_main                          0x00000313   Thumb Code     0  rtentry2.o(.ARM.Collect$$rtentry$$0000000D)
    __rt_entry_postli_1                      0x00000313   Thumb Code     0  rtentry2.o(.ARM.Collect$$rtentry$$0000000C)
    __rt_exit                                0x0000031b   Thumb Code     0  rtexit.o(.ARM.Collect$$rtexit$$00000000)
    __rt_exit_ls                             0x0000031d   Thumb Code     0  rtexit2.o(.ARM.Collect$$rtexit$$00000003)
    __rt_exit_prels_1                        0x0000031d   Thumb Code     0  rtexit2.o(.ARM.Collect$$rtexit$$00000002)
    __rt_exit_exit                           0x00000321   Thumb Code     0  rtexit2.o(.ARM.Collect$$rtexit$$00000004)
    DisableInterrupts                        0x00000329   Thumb Code     0  startup.o(.text)
    EnableInterrupts                         0x0000032d   Thumb Code     0  startup.o(.text)
    StartCritical                            0x00000331   Thumb Code     0  startup.o(.text)
    EndCritical                              0x00000339   Thumb Code     0  startup.o(.text)
    WaitForInterrupt                         0x0000033f   Thumb Code     0  startup.o(.text)
    __user_initial_stackheap                 0x00000343   Thumb Code     0  startup.o(.text)
    __use_two_region_memory                  0x00000359   Thumb Code     2  heapauxi.o(.text)
    __rt_heap_escrow$2region                 0x0000035b   Thumb Code     2  heapauxi.o(.text)
    __rt_heap_expand$2region                 0x0000035d   Thumb Code     2  heapauxi.o(.text)
    __user_setup_stackheap                   0x0000035f   Thumb Code    74  sys_stackheap_outer.o(.text)
    exit                                     0x000003a9   Thumb Code    12  exit.o(.text)
    __user_libspace                          0x000003b5   Thumb Code     8  libspace.o(.text)
    __user_perproc_libspace                  0x000003b5   Thumb Code     0  libspace.o(.text)
    __user_perthread_libspace                0x000003b5   Thumb Code     0  libspace.o(.text)
    _sys_exit                                0x000003bd   Thumb Code     8  sys_exit.o(.text)
    __I$use$semihosting                      0x000003c9   Thumb Code     0  use_no_semi.o(.text)
    __use_no_semihosting_swi                 0x000003c9   Thumb Code     2  use_no_semi.o(.text)
    __semihosting_library_function           0x000003cb   Thumb Code     0  indicate_semi.o(.text)
    OSCtxSw                                  0x000003cd   Thumb Code     0  osasm.o(CODE)
    PendSV_Handler                           0x000003e1   Thumb Code     0  osasm.o(CODE)
    LaunchOS                                 0x0000040b   Thumb Code     0  osasm.o(CODE)
    ADC0Seq3_Handler                         0x0000043d   Thumb Code    38  adc.o(i.ADC0Seq3_Handler)
    DeleteSema4                              0x00000475   Thumb Code    42  os.o(i.DeleteSema4)
    DeleteTask                               0x000004a1   Thumb Code    82  os.o(i.DeleteTask)
    Dummy                                    0x000004f9   Thumb Code     4  os.o(i.Dummy)
    GPIOPortF_Handler                        0x000004fd   Thumb Code    54  portf.o(i.GPIOPortF_Handler)
    InsertSema4                              0x0000053d   Thumb Code    32  os.o(i.InsertSema4)
    Insert_priorityTask                      0x0000055d   Thumb Code    82  os.o(i.Insert_priorityTask)
    Jitter_Calculate                         0x000005b1   Thumb Code   326  os.o(i.Jitter_Calculate)
    OS_AddThread                             0x00000719   Thumb Code   118  os.o(i.OS_AddThread)
    OS_AddThread_param                       0x000007a5   Thumb Code   130  os.o(i.OS_AddThread_param)
    OS_Block_bSignal                         0x0000083d   Thumb Code   200  os.o(i.OS_Block_bSignal)
    OS_Block_bWait                           0x0000090d   Thumb Code   206  os.o(i.OS_Block_bWait)
    OS_Fifo_Init                             0x000009e5   Thumb Code    66  os.o(i.OS_Fifo_Init)
    OS_Init                                  0x00000a41   Thumb Code    84  os.o(i.OS_Init)
    OS_InitSemaphore                         0x00000ab5   Thumb Code     8  os.o(i.OS_InitSemaphore)
    OS_Kill                                  0x00000abd   Thumb Code    94  os.o(i.OS_Kill)
    OS_Launch                                0x00000b31   Thumb Code    44  os.o(i.OS_Launch)
    OS_MailBox_Init                          0x00000b6d   Thumb Code    20  os.o(i.OS_MailBox_Init)
    OS_Suspend                               0x00000b89   Thumb Code    32  os.o(i.OS_Suspend)
    OS_Time                                  0x00000bad   Thumb Code     6  os.o(i.OS_Time)
    OS_TimeDifference                        0x00000bb9   Thumb Code     6  os.o(i.OS_TimeDifference)
    PLL_Init                                 0x00000bc1   Thumb Code   118  pll.o(i.PLL_Init)
    PortE_Init                               0x00000c3d   Thumb Code    88  lab2.o(i.PortE_Init)
    PortF_Init                               0x00000cb1   Thumb Code    94  lab2.o(i.PortF_Init)
    RxFifo_Init                              0x00000d25   Thumb Code    26  uart.o(i.RxFifo_Init)
    RxFifo_Put                               0x00000d49   Thumb Code    48  uart.o(i.RxFifo_Put)
    RxFifo_Size                              0x00000d85   Thumb Code    14  uart.o(i.RxFifo_Size)
    SysTick_Handler                          0x00000d9d   Thumb Code   350  os.o(i.SysTick_Handler)
    SysTick_Init                             0x00000f35   Thumb Code    58  systickints.o(i.SysTick_Init)
    Timer0A_Handler                          0x00000f75   Thumb Code   150  timer0.o(i.Timer0A_Handler)
    Timer0B_Handler                          0x00001025   Thumb Code   152  timer0.o(i.Timer0B_Handler)
    Timer2A_Handler                          0x000010d5   Thumb Code    18  timer0.o(i.Timer2A_Handler)
    Timer2_Init                              0x000010f1   Thumb Code   120  timer0.o(i.Timer2_Init)
    Timer4A_Handler                          0x00001181   Thumb Code    18  timer0.o(i.Timer4A_Handler)
    Timer4_Init                              0x0000119d   Thumb Code   114  timer0.o(i.Timer4_Init)
    TxFifo_Get                               0x00001229   Thumb Code    46  uart.o(i.TxFifo_Get)
    TxFifo_Init                              0x00001265   Thumb Code    26  uart.o(i.TxFifo_Init)
    TxFifo_Size                              0x00001289   Thumb Code    14  uart.o(i.TxFifo_Size)
    UART0_Handler                            0x000012a1   Thumb Code    82  uart.o(i.UART0_Handler)
    UART_Init                                0x000012f9   Thumb Code   170  uart.o(i.UART_Init)
    findID                                   0x00001411   Thumb Code    32  os.o(i.findID)
    initTCB                                  0x00001435   Thumb Code   234  os.o(i.initTCB)
    is_in_list                               0x00001525   Thumb Code    36  os.o(i.is_in_list)
    main                                     0x00001549   Thumb Code   122  lab2.o(i.main)
    thread_p1                                0x000015e9   Thumb Code    62  lab2.o(i.thread_p1)
    thread_p2                                0x00001635   Thumb Code    42  lab2.o(i.thread_p2)
    thread_p3                                0x00001665   Thumb Code    96  lab2.o(i.thread_p3)
    thread_p4                                0x000016dd   Thumb Code    42  lab2.o(i.thread_p4)
    Region$$Table$$Base                      0x0000170c   Number         0  anon$$obj.o(Region$$Table)
    Region$$Table$$Limit                     0x0000172c   Number         0  anon$$obj.o(Region$$Table)
    Timer2Rollover                           0x20000000   Data           4  timer0.o(.data)
    Timer4Rollover                           0x20000004   Data           4  timer0.o(.data)
    PeriodicTask1                            0x20000008   Data           4  timer0.o(.data)
    PeriodicTask2                            0x2000000c   Data           4  timer0.o(.data)
    is_sleep                                 0x20000010   Data           4  os.o(.data)
    is_kill                                  0x20000014   Data           4  os.o(.data)
    MAIL                                     0x20000018   Data           4  os.o(.data)
    OS_Launched                              0x2000001c   Data           4  os.o(.data)
    Current_thread_count                     0x20000020   Data           4  os.o(.data)
    MaxJitterper                             0x20000024   Data           8  os.o(.data)
    Jitterloop                               0x2000002c   Data           8  os.o(.data)
    RunPt                                    0x2000003c   Data           4  os.o(.data)
    RunHead                                  0x20000040   Data           4  os.o(.data)
    SleepPt                                  0x20000044   Data           4  os.o(.data)
    CurrSleepPt                              0x20000048   Data           4  os.o(.data)
    OldPt                                    0x2000004c   Data           4  os.o(.data)
    NewPt                                    0x20000050   Data           4  os.o(.data)
    KillPt                                   0x20000054   Data           4  os.o(.data)
    SystickRollover                          0x20000058   Data           4  os.o(.data)
    curr_event                               0x2000005c   Data           4  os.o(.data)
    FIFO_start                               0x20000060   Data           4  os.o(.data)
    FIFO_end                                 0x20000064   Data           4  os.o(.data)
    PERIOD                                   0x20000068   Data           8  os.o(.data)
    FilterWork                               0x20000070   Data           4  lab2.o(.data)
    NumCreated                               0x20000080   Data           4  lab2.o(.data)
    PIDWork                                  0x20000084   Data           4  lab2.o(.data)
    NumSamples                               0x20000088   Data           4  lab2.o(.data)
    jitter                                   0x2000008c   Data           4  lab2.o(.data)
    DataLost                                 0x20000090   Data           4  lab2.o(.data)
    MaxJitter                                0x20000094   Data           4  lab2.o(.data)
    diff                                     0x20000098   Data           4  lab2.o(.data)
    DASoutput                                0x2000009c   Data           4  lab2.o(.data)
    IntTerm                                  0x200000a0   Data           2  lab2.o(.data)
    PrevError                                0x200000a2   Data           2  lab2.o(.data)
    Coeff                                    0x200000a4   Data           6  lab2.o(.data)
    Actuator                                 0x200000aa   Data           2  lab2.o(.data)
    CountA                                   0x200000ac   Data           4  lab2.o(.data)
    CountB                                   0x200000b0   Data           4  lab2.o(.data)
    Count1                                   0x200000b4   Data           4  lab2.o(.data)
    SignalCount1                             0x200000b8   Data           4  lab2.o(.data)
    SignalCount2                             0x200000bc   Data           4  lab2.o(.data)
    SignalCount3                             0x200000c0   Data           4  lab2.o(.data)
    WaitCount1                               0x200000c4   Data           4  lab2.o(.data)
    WaitCount2                               0x200000c8   Data           4  lab2.o(.data)
    WaitCount3                               0x200000cc   Data           4  lab2.o(.data)
    RxPutI                                   0x200000d0   Data           4  uart.o(.data)
    RxGetI                                   0x200000d4   Data           4  uart.o(.data)
    TxPutI                                   0x200000d8   Data           4  uart.o(.data)
    TxGetI                                   0x200000dc   Data           4  uart.o(.data)
    ADCTask                                  0x200000e0   Data           4  adc.o(.data)
    ADCval                                   0x200000e4   Data           4  adc.o(.data)
    SW1Task                                  0x200000e8   Data           4  portf.o(.data)
    SW2Task                                  0x200000ec   Data           4  portf.o(.data)
    JitterHistogram1                         0x200000f0   Data         256  os.o(.bss)
    JitterHistogram2                         0x200001f0   Data         256  os.o(.bss)
    Stack                                    0x200002f0   Data       26112  os.o(.bss)
    TCBs                                     0x200068f0   Data        1836  os.o(.bss)
    unique_IDs                               0x2000701c   Data         204  os.o(.bss)
    myevents                                 0x200070e8   Data         800  os.o(.bss)
    boxfree                                  0x20007408   Data          16  os.o(.bss)
    datavalid                                0x20007418   Data          16  os.o(.bss)
    FIFO                                     0x20007428   Data        1024  os.o(.bss)
    FIFO_mutex                               0x20007828   Data          16  os.o(.bss)
    FIFO_data_avail                          0x20007838   Data          16  os.o(.bss)
    FIFO_free                                0x20007848   Data          16  os.o(.bss)
    mutex1                                   0x20007858   Data          16  os.o(.bss)
    mutex2                                   0x20007868   Data          16  os.o(.bss)
    __libspace_start                         0x20007898   Data          96  libspace.o(.bss)
    __temporary_stack_top$libspace           0x200078f8   Data           0  libspace.o(.bss)



==============================================================================

Memory Map of the image

  Image Entry point : 0x0000026d

  Load Region LR_1 (Base: 0x00000000, Size: 0x0000181c, Max: 0xffffffff, ABSOLUTE)

    Execution Region ER_RO (Base: 0x00000000, Size: 0x0000172c, Max: 0xffffffff, ABSOLUTE)

    Base Addr    Size         Type   Attr      Idx    E Section Name        Object

    0x00000000   0x0000028c   Code   RO            3  * RESET               startup.o
    0x0000028c   0x00000008   Code   RO         1114  * !!!main             c_w.l(__main.o)
    0x00000294   0x00000034   Code   RO         1289    !!!scatter          c_w.l(__scatter.o)
    0x000002c8   0x0000001a   Code   RO         1291    !!handler_copy      c_w.l(__scatter_copy.o)
    0x000002e2   0x00000002   PAD
    0x000002e4   0x0000001c   Code   RO         1293    !!handler_zi        c_w.l(__scatter_zi.o)
    0x00000300   0x00000002   Code   RO         1162    .ARM.Collect$$libinit$$00000000  c_w.l(libinit.o)
    0x00000302   0x00000000   Code   RO         1169    .ARM.Collect$$libinit$$00000002  c_w.l(libinit2.o)
    0x00000302   0x00000000   Code   RO         1172    .ARM.Collect$$libinit$$00000008  c_w.l(libinit2.o)
    0x00000302   0x00000000   Code   RO         1174    .ARM.Collect$$libinit$$0000000A  c_w.l(libinit2.o)
    0x00000302   0x00000000   Code   RO         1176    .ARM.Collect$$libinit$$0000000C  c_w.l(libinit2.o)
    0x00000302   0x00000000   Code   RO         1179    .ARM.Collect$$libinit$$0000000F  c_w.l(libinit2.o)
    0x00000302   0x00000000   Code   RO         1181    .ARM.Collect$$libinit$$00000011  c_w.l(libinit2.o)
    0x00000302   0x00000000   Code   RO         1183    .ARM.Collect$$libinit$$00000013  c_w.l(libinit2.o)
    0x00000302   0x00000000   Code   RO         1185    .ARM.Collect$$libinit$$00000015  c_w.l(libinit2.o)
    0x00000302   0x00000000   Code   RO         1187    .ARM.Collect$$libinit$$00000017  c_w.l(libinit2.o)
    0x00000302   0x00000000   Code   RO         1189    .ARM.Collect$$libinit$$00000019  c_w.l(libinit2.o)
    0x00000302   0x00000000   Code   RO         1191    .ARM.Collect$$libinit$$0000001B  c_w.l(libinit2.o)
    0x00000302   0x00000000   Code   RO         1193    .ARM.Collect$$libinit$$0000001D  c_w.l(libinit2.o)
    0x00000302   0x00000000   Code   RO         1195    .ARM.Collect$$libinit$$0000001F  c_w.l(libinit2.o)
    0x00000302   0x00000000   Code   RO         1197    .ARM.Collect$$libinit$$00000021  c_w.l(libinit2.o)
    0x00000302   0x00000000   Code   RO         1199    .ARM.Collect$$libinit$$00000023  c_w.l(libinit2.o)
    0x00000302   0x00000000   Code   RO         1203    .ARM.Collect$$libinit$$0000002A  c_w.l(libinit2.o)
    0x00000302   0x00000000   Code   RO         1205    .ARM.Collect$$libinit$$0000002C  c_w.l(libinit2.o)
    0x00000302   0x00000000   Code   RO         1207    .ARM.Collect$$libinit$$0000002E  c_w.l(libinit2.o)
    0x00000302   0x00000000   Code   RO         1209    .ARM.Collect$$libinit$$00000030  c_w.l(libinit2.o)
    0x00000302   0x00000002   Code   RO         1210    .ARM.Collect$$libinit$$00000031  c_w.l(libinit2.o)
    0x00000304   0x00000002   Code   RO         1230    .ARM.Collect$$libshutdown$$00000000  c_w.l(libshutdown.o)
    0x00000306   0x00000000   Code   RO         1244    .ARM.Collect$$libshutdown$$00000003  c_w.l(libshutdown2.o)
    0x00000306   0x00000000   Code   RO         1247    .ARM.Collect$$libshutdown$$00000006  c_w.l(libshutdown2.o)
    0x00000306   0x00000000   Code   RO         1250    .ARM.Collect$$libshutdown$$00000009  c_w.l(libshutdown2.o)
    0x00000306   0x00000000   Code   RO         1252    .ARM.Collect$$libshutdown$$0000000B  c_w.l(libshutdown2.o)
    0x00000306   0x00000000   Code   RO         1255    .ARM.Collect$$libshutdown$$0000000E  c_w.l(libshutdown2.o)
    0x00000306   0x00000002   Code   RO         1256    .ARM.Collect$$libshutdown$$0000000F  c_w.l(libshutdown2.o)
    0x00000308   0x00000000   Code   RO         1132    .ARM.Collect$$rtentry$$00000000  c_w.l(rtentry.o)
    0x00000308   0x00000000   Code   RO         1139    .ARM.Collect$$rtentry$$00000002  c_w.l(rtentry2.o)
    0x00000308   0x00000006   Code   RO         1151    .ARM.Collect$$rtentry$$00000004  c_w.l(rtentry4.o)
    0x0000030e   0x00000000   Code   RO         1141    .ARM.Collect$$rtentry$$00000009  c_w.l(rtentry2.o)
    0x0000030e   0x00000004   Code   RO         1142    .ARM.Collect$$rtentry$$0000000A  c_w.l(rtentry2.o)
    0x00000312   0x00000000   Code   RO         1144    .ARM.Collect$$rtentry$$0000000C  c_w.l(rtentry2.o)
    0x00000312   0x00000008   Code   RO         1145    .ARM.Collect$$rtentry$$0000000D  c_w.l(rtentry2.o)
    0x0000031a   0x00000002   Code   RO         1166    .ARM.Collect$$rtexit$$00000000  c_w.l(rtexit.o)
    0x0000031c   0x00000000   Code   RO         1212    .ARM.Collect$$rtexit$$00000002  c_w.l(rtexit2.o)
    0x0000031c   0x00000004   Code   RO         1213    .ARM.Collect$$rtexit$$00000003  c_w.l(rtexit2.o)
    0x00000320   0x00000006   Code   RO         1214    .ARM.Collect$$rtexit$$00000004  c_w.l(rtexit2.o)
    0x00000326   0x00000002   PAD
    0x00000328   0x00000030   Code   RO            4    .text               startup.o
    0x00000358   0x00000006   Code   RO         1112    .text               c_w.l(heapauxi.o)
    0x0000035e   0x0000004a   Code   RO         1153    .text               c_w.l(sys_stackheap_outer.o)
    0x000003a8   0x0000000c   Code   RO         1155    .text               c_w.l(exit.o)
    0x000003b4   0x00000008   Code   RO         1163    .text               c_w.l(libspace.o)
    0x000003bc   0x0000000c   Code   RO         1222    .text               c_w.l(sys_exit.o)
    0x000003c8   0x00000002   Code   RO         1233    .text               c_w.l(use_no_semi.o)
    0x000003ca   0x00000000   Code   RO         1235    .text               c_w.l(indicate_semi.o)
    0x000003ca   0x00000002   PAD
    0x000003cc   0x00000070   Code   RO         1029    CODE                osasm.o
    0x0000043c   0x00000038   Code   RO         1044    i.ADC0Seq3_Handler  adc.o
    0x00000474   0x0000002a   Code   RO           90    i.DeleteSema4       os.o
    0x0000049e   0x00000002   PAD
    0x000004a0   0x00000058   Code   RO           91    i.DeleteTask        os.o
    0x000004f8   0x00000004   Code   RO           92    i.Dummy             os.o
    0x000004fc   0x00000040   Code   RO         1083    i.GPIOPortF_Handler  portf.o
    0x0000053c   0x00000020   Code   RO           93    i.InsertSema4       os.o
    0x0000055c   0x00000052   Code   RO           95    i.Insert_priorityTask  os.o
    0x000005ae   0x00000002   PAD
    0x000005b0   0x00000168   Code   RO           97    i.Jitter_Calculate  os.o
    0x00000718   0x0000008c   Code   RO          101    i.OS_AddThread      os.o
    0x000007a4   0x00000098   Code   RO          102    i.OS_AddThread_param  os.o
    0x0000083c   0x000000d0   Code   RO          106    i.OS_Block_bSignal  os.o
    0x0000090c   0x000000d8   Code   RO          107    i.OS_Block_bWait    os.o
    0x000009e4   0x0000005c   Code   RO          110    i.OS_Fifo_Init      os.o
    0x00000a40   0x00000074   Code   RO          114    i.OS_Init           os.o
    0x00000ab4   0x00000008   Code   RO          115    i.OS_InitSemaphore  os.o
    0x00000abc   0x00000074   Code   RO          116    i.OS_Kill           os.o
    0x00000b30   0x0000003c   Code   RO          117    i.OS_Launch         os.o
    0x00000b6c   0x0000001c   Code   RO          118    i.OS_MailBox_Init   os.o
    0x00000b88   0x00000024   Code   RO          124    i.OS_Suspend        os.o
    0x00000bac   0x0000000c   Code   RO          125    i.OS_Time           os.o
    0x00000bb8   0x00000006   Code   RO          126    i.OS_TimeDifference  os.o
    0x00000bbe   0x00000002   PAD
    0x00000bc0   0x0000007c   Code   RO           74    i.PLL_Init          pll.o
    0x00000c3c   0x00000074   Code   RO          395    i.PortE_Init        lab2.o
    0x00000cb0   0x00000074   Code   RO          396    i.PortF_Init        lab2.o
    0x00000d24   0x00000024   Code   RO          899    i.RxFifo_Init       uart.o
    0x00000d48   0x0000003c   Code   RO          900    i.RxFifo_Put        uart.o
    0x00000d84   0x00000018   Code   RO          901    i.RxFifo_Size       uart.o
    0x00000d9c   0x00000198   Code   RO          130    i.SysTick_Handler   os.o
    0x00000f34   0x00000040   Code   RO         1032    i.SysTick_Init      systickints.o
    0x00000f74   0x000000b0   Code   RO           12    i.Timer0A_Handler   timer0.o
    0x00001024   0x000000b0   Code   RO           13    i.Timer0B_Handler   timer0.o
    0x000010d4   0x0000001c   Code   RO           15    i.Timer2A_Handler   timer0.o
    0x000010f0   0x00000090   Code   RO           16    i.Timer2_Init       timer0.o
    0x00001180   0x0000001c   Code   RO           17    i.Timer4A_Handler   timer0.o
    0x0000119c   0x0000008c   Code   RO           18    i.Timer4_Init       timer0.o
    0x00001228   0x0000003c   Code   RO          902    i.TxFifo_Get        uart.o
    0x00001264   0x00000024   Code   RO          903    i.TxFifo_Init       uart.o
    0x00001288   0x00000018   Code   RO          905    i.TxFifo_Size       uart.o
    0x000012a0   0x00000058   Code   RO          906    i.UART0_Handler     uart.o
    0x000012f8   0x000000c4   Code   RO          911    i.UART_Init         uart.o
    0x000013bc   0x00000028   Code   RO          916    i.copyHardwareToSoftware  uart.o
    0x000013e4   0x0000002c   Code   RO          917    i.copySoftwareToHardware  uart.o
    0x00001410   0x00000024   Code   RO          131    i.findID            os.o
    0x00001434   0x000000f0   Code   RO          132    i.initTCB           os.o
    0x00001524   0x00000024   Code   RO          133    i.is_in_list        os.o
    0x00001548   0x000000a0   Code   RO          414    i.main              lab2.o
    0x000015e8   0x0000004c   Code   RO          417    i.thread_p1         lab2.o
    0x00001634   0x00000030   Code   RO          418    i.thread_p2         lab2.o
    0x00001664   0x00000078   Code   RO          419    i.thread_p3         lab2.o
    0x000016dc   0x00000030   Code   RO          420    i.thread_p4         lab2.o
    0x0000170c   0x00000020   Data   RO         1287    Region$$Table       anon$$obj.o


    Execution Region ER_RW (Base: 0x20000000, Size: 0x000000f0, Max: 0xffffffff, ABSOLUTE)

    Base Addr    Size         Type   Attr      Idx    E Section Name        Object

    0x20000000   0x00000010   Data   RW           19    .data               timer0.o
    0x20000010   0x00000060   Data   RW          136    .data               os.o
    0x20000070   0x00000060   Data   RW          423    .data               lab2.o
    0x200000d0   0x00000010   Data   RW          919    .data               uart.o
    0x200000e0   0x00000008   Data   RW         1048    .data               adc.o
    0x200000e8   0x00000008   Data   RW         1086    .data               portf.o


    Execution Region ER_ZI (Base: 0x200000f0, Size: 0x00007c08, Max: 0xffffffff, ABSOLUTE)

    Base Addr    Size         Type   Attr      Idx    E Section Name        Object

    0x200000f0   0x00007788   Zero   RW          134    .bss                os.o
    0x20007878   0x00000020   Zero   RW          918    .bss                uart.o
    0x20007898   0x00000060   Zero   RW         1164    .bss                c_w.l(libspace.o)
    0x200078f8   0x00000000   Zero   RW            2    HEAP                startup.o
    0x200078f8   0x00000400   Zero   RW            1    STACK               startup.o


==============================================================================

Image component sizes


      Code (inc. data)   RO Data    RW Data    ZI Data      Debug   Object Name

        56         18          0          8          0       1856   adc.o
       684        138          0         96          0       6513   lab2.o
      2518        284          0         96      30600      15630   os.o
       112         18          0          0          0        244   osasm.o
       124          6          0          0          0        403   pll.o
        64         10          0          8          0        982   portf.o
       700        636          0          0       1024        900   startup.o
        64          6          0          0          0        491   systickints.o
       692        120          0         16          0       9058   timer0.o
       608        108          0         16         32       5532   uart.o

    ----------------------------------------------------------------------
      5628       1344         32        240      31656      41609   Object Totals
         0          0         32          0          0          0   (incl. Generated)
         6          0          0          0          0          0   (incl. Padding)

    ----------------------------------------------------------------------

      Code (inc. data)   RO Data    RW Data    ZI Data      Debug   Library Member Name

         8          0          0          0          0         68   __main.o
        52          8          0          0          0          0   __scatter.o
        26          0          0          0          0          0   __scatter_copy.o
        28          0          0          0          0          0   __scatter_zi.o
        12          0          0          0          0         72   exit.o
         6          0          0          0          0        152   heapauxi.o
         0          0          0          0          0          0   indicate_semi.o
         2          0          0          0          0          0   libinit.o
         2          0          0          0          0          0   libinit2.o
         2          0          0          0          0          0   libshutdown.o
         2          0          0          0          0          0   libshutdown2.o
         8          4          0          0         96         68   libspace.o
         0          0          0          0          0          0   rtentry.o
        12          0          0          0          0          0   rtentry2.o
         6          0          0          0          0          0   rtentry4.o
         2          0          0          0          0          0   rtexit.o
        10          0          0          0          0          0   rtexit2.o
        12          4          0          0          0         68   sys_exit.o
        74          0          0          0          0         80   sys_stackheap_outer.o
         2          0          0          0          0         68   use_no_semi.o

    ----------------------------------------------------------------------
       272         16          0          0         96        576   Library Totals
         6          0          0          0          0          0   (incl. Padding)

    ----------------------------------------------------------------------

      Code (inc. data)   RO Data    RW Data    ZI Data      Debug   Library Name

       266         16          0          0         96        576   c_w.l

    ----------------------------------------------------------------------
       272         16          0          0         96        576   Library Totals

    ----------------------------------------------------------------------

==============================================================================


      Code (inc. data)   RO Data    RW Data    ZI Data      Debug   

      5900       1360         32        240      31752      39533   Grand Totals
      5900       1360         32        240      31752      39533   ELF Image Totals
      5900       1360         32        240          0          0   ROM Totals

==============================================================================

    Total RO  Size (Code + RO Data)                 5932 (   5.79kB)
    Total RW  Size (RW Data + ZI Data)             31992 (  31.24kB)
    Total ROM Size (Code + RO Data + RW Data)       6172 (   6.03kB)

==============================================================================

