<html>
<body>
<pre>
<h1>µVision Build Log</h1>
<h2>Project:</h2>
C:\Dropbox\ArmBook\LaunchPad\LaunchPadware\Periodic32bitT0Ints_4F120\Periodic32bitT0Ints.uvproj
Project File Date:  05/13/2013

<h2>Output:</h2>
Build target 'Periodic32bitT0Ints'
assembling startup.s...
compiling Periodic32bitT0Ints.c...
compiling Timer0.c...
compiling PLL.c...
linking...
Program Size: Code=1260 RO-data=64 RW-data=8 ZI-data=1024  
"Periodic32bitT0Ints.axf" - 0 Error(s), 0 Warning(s).
Load "C:\\Dropbox\\ArmBook\\LaunchPad\\LaunchPadware\\Periodic32bitT0Ints_4F120\\Periodic32bitT0Ints.axf" 
Connecting: Mode=JTAG, Speed=1000000Hz
Erase Done.
Programming Done.
Verify OK.
